18:59:01 **** Incremental Build of configuration Debug for project LED_Switch_Task ****
make -j4 all 
arm-none-eabi-gcc "../Core/Src/main.c" -mcpu=cortex-m4 -std=gnu11 -g3 -DDEBUG -DUSE_HAL_DRIVER -DSTM32F407xx -c -I../Core/Inc -I../Drivers/STM32F4xx_HAL_Driver/Inc -I../Drivers/STM32F4xx_HAL_Driver/Inc/Legacy -I../Drivers/CMSIS/Device/ST/STM32F4xx/Include -I../Drivers/CMSIS/Include -I/home/dhawal/STM32_RTOS/Project_Workspace/STM32_Workspace/Common/ThirdParty/FreeRTOS/include -I/home/dhawal/STM32_RTOS/Project_Workspace/STM32_Workspace/Common/ThirdParty/FreeRTOS/portable/GCC/ARM_CM4F -I/home/dhawal/STM32_RTOS/Project_Workspace/STM32_Workspace/Common/ThirdParty/SEGGER/config -I/home/dhawal/STM32_RTOS/Project_Workspace/STM32_Workspace/Common/ThirdParty/SEGGER/OS -I/home/dhawal/STM32_RTOS/Project_Workspace/STM32_Workspace/Common/ThirdParty/SEGGER/SEGGER -O0 -ffunction-sections -fdata-sections -Wall -fstack-usage -fcyclomatic-complexity -MMD -MP -MF"Core/Src/main.d" -MT"Core/Src/main.o" --specs=nano.specs -mfpu=fpv4-sp-d16 -mfloat-abi=hard -mthumb -o "Core/Src/main.o"
arm-none-eabi-gcc -o "LED_Switch_Task.elf" @"objects.list"   -mcpu=cortex-m4 -T"/home/dhawal/STM32_RTOS/Project_Workspace/STM32_Workspace/LED_Switch_Task/STM32F407VGTX_FLASH.ld" --specs=nosys.specs -Wl,-Map="LED_Switch_Task.map" -Wl,--gc-sections -static --specs=nano.specs -mfpu=fpv4-sp-d16 -mfloat-abi=hard -mthumb -Wl,--start-group -lc -lm -Wl,--end-group
Finished building target: LED_Switch_Task.elf
 
arm-none-eabi-size  LED_Switch_Task.elf 
arm-none-eabi-objdump -h -S LED_Switch_Task.elf  > "LED_Switch_Task.list"
   text	   data	    bss	    dec	    hex	filename
  32108	    104	  84952	 117164	  1c9ac	LED_Switch_Task.elf
Finished building: default.size.stdout
 
Finished building: LED_Switch_Task.list
 

18:59:01 Build Finished. 0 errors, 0 warnings. (took 534ms)

