Archive member included to satisfy reference by file (symbol)

/opt/st/stm32cubeide_1.18.1/plugins/com.st.stm32cube.ide.mcu.externaltools.gnu-tools-for-stm32.13.3.rel1.linux64_1.0.0.202410170706/tools/bin/../lib/gcc/arm-none-eabi/13.3.1/../../../../arm-none-eabi/lib/thumb/v7e-m+fp/hard/libc_nano.a(libc_a-exit.o)
                              /opt/st/stm32cubeide_1.18.1/plugins/com.st.stm32cube.ide.mcu.externaltools.gnu-tools-for-stm32.13.3.rel1.linux64_1.0.0.202410170706/tools/bin/../lib/gcc/arm-none-eabi/13.3.1/../../../../arm-none-eabi/lib/thumb/v7e-m+fp/hard/crt0.o (exit)
/opt/st/stm32cubeide_1.18.1/plugins/com.st.stm32cube.ide.mcu.externaltools.gnu-tools-for-stm32.13.3.rel1.linux64_1.0.0.202410170706/tools/bin/../lib/gcc/arm-none-eabi/13.3.1/../../../../arm-none-eabi/lib/thumb/v7e-m+fp/hard/libc_nano.a(libc_a-findfp.o)
                              /opt/st/stm32cubeide_1.18.1/plugins/com.st.stm32cube.ide.mcu.externaltools.gnu-tools-for-stm32.13.3.rel1.linux64_1.0.0.202410170706/tools/bin/../lib/gcc/arm-none-eabi/13.3.1/../../../../arm-none-eabi/lib/thumb/v7e-m+fp/hard/libc_nano.a(libc_a-exit.o) (__stdio_exit_handler)
/opt/st/stm32cubeide_1.18.1/plugins/com.st.stm32cube.ide.mcu.externaltools.gnu-tools-for-stm32.13.3.rel1.linux64_1.0.0.202410170706/tools/bin/../lib/gcc/arm-none-eabi/13.3.1/../../../../arm-none-eabi/lib/thumb/v7e-m+fp/hard/libc_nano.a(libc_a-fwalk.o)
                              /opt/st/stm32cubeide_1.18.1/plugins/com.st.stm32cube.ide.mcu.externaltools.gnu-tools-for-stm32.13.3.rel1.linux64_1.0.0.202410170706/tools/bin/../lib/gcc/arm-none-eabi/13.3.1/../../../../arm-none-eabi/lib/thumb/v7e-m+fp/hard/libc_nano.a(libc_a-findfp.o) (_fwalk_sglue)
/opt/st/stm32cubeide_1.18.1/plugins/com.st.stm32cube.ide.mcu.externaltools.gnu-tools-for-stm32.13.3.rel1.linux64_1.0.0.202410170706/tools/bin/../lib/gcc/arm-none-eabi/13.3.1/../../../../arm-none-eabi/lib/thumb/v7e-m+fp/hard/libc_nano.a(libc_a-snprintf.o)
                              ./Core/Src/main.o (snprintf)
/opt/st/stm32cubeide_1.18.1/plugins/com.st.stm32cube.ide.mcu.externaltools.gnu-tools-for-stm32.13.3.rel1.linux64_1.0.0.202410170706/tools/bin/../lib/gcc/arm-none-eabi/13.3.1/../../../../arm-none-eabi/lib/thumb/v7e-m+fp/hard/libc_nano.a(libc_a-stdio.o)
                              /opt/st/stm32cubeide_1.18.1/plugins/com.st.stm32cube.ide.mcu.externaltools.gnu-tools-for-stm32.13.3.rel1.linux64_1.0.0.202410170706/tools/bin/../lib/gcc/arm-none-eabi/13.3.1/../../../../arm-none-eabi/lib/thumb/v7e-m+fp/hard/libc_nano.a(libc_a-findfp.o) (__sread)
/opt/st/stm32cubeide_1.18.1/plugins/com.st.stm32cube.ide.mcu.externaltools.gnu-tools-for-stm32.13.3.rel1.linux64_1.0.0.202410170706/tools/bin/../lib/gcc/arm-none-eabi/13.3.1/../../../../arm-none-eabi/lib/thumb/v7e-m+fp/hard/libc_nano.a(libc_a-memcmp.o)
                              ./Common/ThirdParty/SEGGER/OS/SEGGER_SYSVIEW_FreeRTOS.o (memcmp)
/opt/st/stm32cubeide_1.18.1/plugins/com.st.stm32cube.ide.mcu.externaltools.gnu-tools-for-stm32.13.3.rel1.linux64_1.0.0.202410170706/tools/bin/../lib/gcc/arm-none-eabi/13.3.1/../../../../arm-none-eabi/lib/thumb/v7e-m+fp/hard/libc_nano.a(libc_a-memset.o)
                              /opt/st/stm32cubeide_1.18.1/plugins/com.st.stm32cube.ide.mcu.externaltools.gnu-tools-for-stm32.13.3.rel1.linux64_1.0.0.202410170706/tools/bin/../lib/gcc/arm-none-eabi/13.3.1/../../../../arm-none-eabi/lib/thumb/v7e-m+fp/hard/crt0.o (memset)
/opt/st/stm32cubeide_1.18.1/plugins/com.st.stm32cube.ide.mcu.externaltools.gnu-tools-for-stm32.13.3.rel1.linux64_1.0.0.202410170706/tools/bin/../lib/gcc/arm-none-eabi/13.3.1/../../../../arm-none-eabi/lib/thumb/v7e-m+fp/hard/libc_nano.a(libc_a-closer.o)
                              /opt/st/stm32cubeide_1.18.1/plugins/com.st.stm32cube.ide.mcu.externaltools.gnu-tools-for-stm32.13.3.rel1.linux64_1.0.0.202410170706/tools/bin/../lib/gcc/arm-none-eabi/13.3.1/../../../../arm-none-eabi/lib/thumb/v7e-m+fp/hard/libc_nano.a(libc_a-stdio.o) (_close_r)
/opt/st/stm32cubeide_1.18.1/plugins/com.st.stm32cube.ide.mcu.externaltools.gnu-tools-for-stm32.13.3.rel1.linux64_1.0.0.202410170706/tools/bin/../lib/gcc/arm-none-eabi/13.3.1/../../../../arm-none-eabi/lib/thumb/v7e-m+fp/hard/libc_nano.a(libc_a-reent.o)
                              /opt/st/stm32cubeide_1.18.1/plugins/com.st.stm32cube.ide.mcu.externaltools.gnu-tools-for-stm32.13.3.rel1.linux64_1.0.0.202410170706/tools/bin/../lib/gcc/arm-none-eabi/13.3.1/../../../../arm-none-eabi/lib/thumb/v7e-m+fp/hard/libc_nano.a(libc_a-closer.o) (errno)
/opt/st/stm32cubeide_1.18.1/plugins/com.st.stm32cube.ide.mcu.externaltools.gnu-tools-for-stm32.13.3.rel1.linux64_1.0.0.202410170706/tools/bin/../lib/gcc/arm-none-eabi/13.3.1/../../../../arm-none-eabi/lib/thumb/v7e-m+fp/hard/libc_nano.a(libc_a-impure.o)
[...]
Memory Configuration

Name             Origin             Length             Attributes
CCMRAM           0x10000000         0x00010000         xrw
RAM              0x20000000         0x00020000         xrw
FLASH            0x08000000         0x00100000         xr
*default*        0x00000000         0xffffffff

Linker script and memory map

LOAD /opt/st/stm32cubeide_1.18.1/plugins/com.st.stm32cube.ide.mcu.externaltools.gnu-tools-for-stm32.13.3.rel1.linux64_1.0.0.202410170706/tools/bin/../lib/gcc/arm-none-eabi/13.3.1/thumb/v7e-m+fp/hard/crti.o
LOAD /opt/st/stm32cubeide_1.18.1/plugins/com.st.stm32cube.ide.mcu.externaltools.gnu-tools-for-stm32.13.3.rel1.linux64_1.0.0.202410170706/tools/bin/../lib/gcc/arm-none-eabi/13.3.1/thumb/v7e-m+fp/hard/crtbegin.o
LOAD /opt/st/stm32cubeide_1.18.1/plugins/com.st.stm32cube.ide.mcu.externaltools.gnu-tools-for-stm32.13.3.rel1.linux64_1.0.0.202410170706/tools/bin/../lib/gcc/arm-none-eabi/13.3.1/../../../../arm-none-eabi/lib/thumb/v7e-m+fp/hard/crt0.o
LOAD ./Common/ThirdParty/FreeRTOS/croutine.o
LOAD ./Common/ThirdParty/FreeRTOS/event_groups.o
LOAD ./Common/ThirdParty/FreeRTOS/list.o
LOAD ./Common/ThirdParty/FreeRTOS/queue.o
LOAD ./Common/ThirdParty/FreeRTOS/stream_buffer.o
LOAD ./Common/ThirdParty/FreeRTOS/tasks.o
LOAD ./Common/ThirdParty/FreeRTOS/timers.o
LOAD ./Common/ThirdParty/FreeRTOS/portable/GCC/ARM_CM4F/port.o
LOAD ./Common/ThirdParty/FreeRTOS/portable/MemMang/heap_4.o
LOAD ./Common/ThirdParty/SEGGER/OS/SEGGER_SYSVIEW_FreeRTOS.o
LOAD ./Common/ThirdParty/SEGGER/Rec/segger_uart.o
LOAD ./Common/ThirdParty/SEGGER/SEGGER/SEGGER_RTT.o
LOAD ./Common/ThirdParty/SEGGER/SEGGER/SEGGER_RTT_ASM_ARMv7M.o
LOAD ./Common/ThirdParty/SEGGER/SEGGER/SEGGER_RTT_printf.o
LOAD ./Common/ThirdParty/SEGGER/SEGGER/SEGGER_SYSVIEW.o
LOAD ./Common/ThirdParty/SEGGER/SEGGER/Syscalls/SEGGER_RTT_Syscalls_GCC.o
LOAD ./Common/ThirdParty/SEGGER/config/SEGGER_SYSVIEW_Config_FreeRTOS.o
LOAD ./Core/Src/main.o
LOAD ./Core/Src/stm32f4xx_hal_msp.o
LOAD ./Core/Src/stm32f4xx_hal_timebase_tim.o
LOAD ./Core/Src/stm32f4xx_it.o
LOAD ./Core/Src/syscalls.o
LOAD ./Core/Src/system_stm32f4xx.o
LOAD ./Core/Startup/startup_stm32f407vgtx.o
LOAD ./Drivers/STM32F4xx_HAL_Driver/Src/stm32f4xx_hal.o
LOAD ./Drivers/STM32F4xx_HAL_Driver/Src/stm32f4xx_hal_cortex.o
LOAD ./Drivers/STM32F4xx_HAL_Driver/Src/stm32f4xx_hal_dma.o
LOAD ./Drivers/STM32F4xx_HAL_Driver/Src/stm32f4xx_hal_dma_ex.o
LOAD ./Drivers/STM32F4xx_HAL_Driver/Src/stm32f4xx_hal_exti.o
LOAD ./Drivers/STM32F4xx_HAL_Driver/Src/stm32f4xx_hal_flash.o
LOAD ./Drivers/STM32F4xx_HAL_Driver/Src/stm32f4xx_hal_flash_ex.o
LOAD ./Drivers/STM32F4xx_HAL_Driver/Src/stm32f4xx_hal_flash_ramfunc.o
LOAD ./Drivers/STM32F4xx_HAL_Driver/Src/stm32f4xx_hal_gpio.o
LOAD ./Drivers/STM32F4xx_HAL_Driver/Src/stm32f4xx_hal_pwr.o
LOAD ./Drivers/STM32F4xx_HAL_Driver/Src/stm32f4xx_hal_pwr_ex.o
LOAD ./Drivers/STM32F4xx_HAL_Driver/Src/stm32f4xx_hal_rcc.o
LOAD ./Drivers/STM32F4xx_HAL_Driver/Src/stm32f4xx_hal_rcc_ex.o
LOAD ./Drivers/STM32F4xx_HAL_Driver/Src/stm32f4xx_hal_tim.o
LOAD ./Drivers/STM32F4xx_HAL_Driver/Src/stm32f4xx_hal_tim_ex.o
START GROUP
LOAD /opt/st/stm32cubeide_1.18.1/plugins/com.st.stm32cube.ide.mcu.externaltools.gnu-tools-for-stm32.13.3.rel1.linux64_1.0.0.202410170706/tools/bin/../lib/gcc/arm-none-eabi/13.3.1/../../../../arm-none-eabi/lib/thumb/v7e-m+fp/hard/libc_nano.a
LOAD /opt/st/stm32cubeide_1.18.1/plugins/com.st.stm32cube.ide.mcu.externaltools.gnu-tools-for-stm32.13.3.rel1.linux64_1.0.0.202410170706/tools/bin/../lib/gcc/arm-none-eabi/13.3.1/../../../../arm-none-eabi/lib/thumb/v7e-m+fp/hard/libm.a
END GROUP
START GROUP
LOAD /opt/st/stm32cubeide_1.18.1/plugins/com.st.stm32cube.ide.mcu.externaltools.gnu-tools-for-stm32.13.3.rel1.linux64_1.0.0.202410170706/tools/bin/../lib/gcc/arm-none-eabi/13.3.1/thumb/v7e-m+fp/hard/libgcc.a
LOAD /opt/st/stm32cubeide_1.18.1/plugins/com.st.stm32cube.ide.mcu.externaltools.gnu-tools-for-stm32.13.3.rel1.linux64_1.0.0.202410170706/tools/bin/../lib/gcc/arm-none-eabi/13.3.1/../../../../arm-none-eabi/lib/thumb/v7e-m+fp/hard/libc_nano.a
END GROUP
START GROUP
LOAD /opt/st/stm32cubeide_1.18.1/plugins/com.st.stm32cube.ide.mcu.externaltools.gnu-tools-for-stm32.13.3.rel1.linux64_1.0.0.202410170706/tools/bin/../lib/gcc/arm-none-eabi/13.3.1/thumb/v7e-m+fp/hard/libgcc.a
LOAD /opt/st/stm32cubeide_1.18.1/plugins/com.st.stm32cube.ide.mcu.externaltools.gnu-tools-for-stm32.13.3.rel1.linux64_1.0.0.202410170706/tools/bin/../lib/gcc/arm-none-eabi/13.3.1/../../../../arm-none-eabi/lib/thumb/v7e-m+fp/hard/libc_nano.a
LOAD /opt/st/stm32cubeide_1.18.1/plugins/com.st.stm32cube.ide.mcu.externaltools.gnu-tools-for-stm32.13.3.rel1.linux64_1.0.0.202410170706/tools/bin/../lib/gcc/arm-none-eabi/13.3.1/../../../../arm-none-eabi/lib/thumb/v7e-m+fp/hard/libnosys.a
END GROUP
START GROUP
LOAD /opt/st/stm32cubeide_1.18.1/plugins/com.st.stm32cube.ide.mcu.externaltools.gnu-tools-for-stm32.13.3.rel1.linux64_1.0.0.202410170706/tools/bin/../lib/gcc/arm-none-eabi/13.3.1/thumb/v7e-m+fp/hard/libgcc.a
LOAD /opt/st/stm32cubeide_1.18.1/plugins/com.st.stm32cube.ide.mcu.externaltools.gnu-tools-for-stm32.13.3.rel1.linux64_1.0.0.202410170706/tools/bin/../lib/gcc/arm-none-eabi/13.3.1/../../../../arm-none-eabi/lib/thumb/v7e-m+fp/hard/libc_nano.a
LOAD /opt/st/stm32cubeide_1.18.1/plugins/com.st.stm32cube.ide.mcu.externaltools.gnu-tools-for-stm32.13.3.rel1.linux64_1.0.0.202410170706/tools/bin/../lib/gcc/arm-none-eabi/13.3.1/../../../../arm-none-eabi/lib/thumb/v7e-m+fp/hard/libnosys.a
END GROUP
LOAD /opt/st/stm32cubeide_1.18.1/plugins/com.st.stm32cube.ide.mcu.externaltools.gnu-tools-for-stm32.13.3.rel1.linux64_1.0.0.202410170706/tools/bin/../lib/gcc/arm-none-eabi/13.3.1/thumb/v7e-m+fp/hard/crtend.o
LOAD /opt/st/stm32cubeide_1.18.1/plugins/com.st.stm32cube.ide.mcu.externaltools.gnu-tools-for-stm32.13.3.rel1.linux64_1.0.0.202410170706/tools/bin/../lib/gcc/arm-none-eabi/13.3.1/thumb/v7e-m+fp/hard/crtn.o
                0x20020000                        _estack = (ORIGIN (RAM) + LENGTH (RAM))
                0x00000200                        _Min_Heap_Size = 0x200
                0x00000400                        _Min_Stack_Size = 0x400

.isr_vector     0x08000000      0x188
                0x08000000                        . = ALIGN (0x4)
 *(.isr_vector)
 .isr_vector    0x08000000      0x188 ./Core/Startup/startup_stm32f407vgtx.o
                0x08000000                g_pfnVectors
                0x08000188                        . = ALIGN (0x4)

.text           0x08000190     0x784c
                0x08000190                        . = ALIGN (0x4)
 *(.text)
 .text          0x08000190       0x40 /opt/st/stm32cubeide_1.18.1/plugins/com.st.stm32cube.ide.mcu.externaltools.gnu-tools-for-stm32.13.3.rel1.linux64_1.0.0.202410170706/tools/bin/../lib/gcc/arm-none-eabi/13.3.1/thumb/v7e-m+fp/hard/crtbegin.o
 .text          0x080001d0       0x94 ./Common/ThirdParty/SEGGER/SEGGER/SEGGER_RTT_ASM_ARMv7M.o
                0x080001d0                SEGGER_RTT_ASM_WriteSkipNoLock
 *fill*         0x08000264        0xc 
 .text          0x08000270       0xa0 /opt/st/stm32cubeide_1.18.1/plugins/com.st.stm32cube.ide.mcu.externaltools.gnu-tools-for-stm32.13.3.rel1.linux64_1.0.0.202410170706/tools/bin/../lib/gcc/arm-none-eabi/13.3.1/../../../../arm-none-eabi/lib/thumb/v7e-m+fp/hard/libc_nano.a(libc_a-memchr.o)
                0x08000270                memchr
 .text          0x08000310       0x30 /opt/st/stm32cubeide_1.18.1/plugins/com.st.stm32cube.ide.mcu.externaltools.gnu-tools-for-stm32.13.3.rel1.linux64_1.0.0.202410170706/tools/bin/../lib/gcc/arm-none-eabi/13.3.1/thumb/v7e-m+fp/hard/libgcc.a(_aeabi_uldivmod.o)
                0x08000310                __aeabi_uldivmod
 .text          0x08000340      0x2f8 /opt/st/stm32cubeide_1.18.1/plugins/com.st.stm32cube.ide.mcu.externaltools.gnu-tools-for-stm32.13.3.rel1.linux64_1.0.0.202410170706/tools/bin/../lib/gcc/arm-none-eabi/13.3.1/thumb/v7e-m+fp/hard/libgcc.a(_udivmoddi4.o)
                0x08000340                __udivmoddi4
 .text          0x08000638        0x4 /opt/st/stm32cubeide_1.18.1/plugins/com.st.stm32cube.ide.mcu.externaltools.gnu-tools-for-stm32.13.3.rel1.linux64_1.0.0.202410170706/tools/bin/../lib/gcc/arm-none-eabi/13.3.1/thumb/v7e-m+fp/hard/libgcc.a(_dvmd_tls.o)
                0x08000638                __aeabi_ldiv0
                0x08000638                __aeabi_idiv0
 *(.text*)
 .text.vListInitialise
                0x0800063c       0x40 ./Common/ThirdParty/FreeRTOS/list.o
                0x0800063c                vListInitialise
 .text.vListInitialiseItem
                0x0800067c       0x1a ./Common/ThirdParty/FreeRTOS/list.o
                0x0800067c                vListInitialiseItem
 .text.vListInsert
                0x08000696       0x72 ./Common/ThirdParty/FreeRTOS/list.o
                0x08000696                vListInsert
 .text.uxListRemove
                0x08000708       0x54 ./Common/ThirdParty/FreeRTOS/list.o
                0x08000708                uxListRemove
 .text.xQueueGenericReset
                0x0800075c      0x124 ./Common/ThirdParty/FreeRTOS/queue.o
                0x0800075c                xQueueGenericReset
 .text.xQueueGenericCreate
                0x08000880       0x9e ./Common/ThirdParty/FreeRTOS/queue.o
                0x08000880                xQueueGenericCreate
 .text.prvInitialiseNewQueue
                0x0800091e       0x52 ./Common/ThirdParty/FreeRTOS/queue.o
 .text.xQueueReceive
                0x08000970      0x228 ./Common/ThirdParty/FreeRTOS/queue.o
                0x08000970                xQueueReceive
 .text.prvCopyDataFromQueue
                0x08000b98       0x4c ./Common/ThirdParty/FreeRTOS/queue.o
 .text.prvUnlockQueue
                0x08000be4       0xa4 ./Common/ThirdParty/FreeRTOS/queue.o
 .text.prvIsQueueEmpty
                0x08000c88       0x2c ./Common/ThirdParty/FreeRTOS/queue.o
 .text.vQueueAddToRegistry
                0x08000cb4       0xb0 ./Common/ThirdParty/FreeRTOS/queue.o
                0x08000cb4                vQueueAddToRegistry
 .text.vQueueWaitForMessageRestricted
                0x08000d64       0x68 ./Common/ThirdParty/FreeRTOS/queue.o
                0x08000d64                vQueueWaitForMessageRestricted
 .text.xTaskCreate
                0x08000dcc       0x8c ./Common/ThirdParty/FreeRTOS/tasks.o
                0x08000dcc                xTaskCreate
 .text.prvInitialiseNewTask
                0x08000e58      0x120 ./Common/ThirdParty/FreeRTOS/tasks.o
 .text.prvAddNewTaskToReadyList
                0x08000f78      0x168 ./Common/ThirdParty/FreeRTOS/tasks.o
 .text.vTaskDelay
                0x080010e0       0x74 ./Common/ThirdParty/FreeRTOS/tasks.o
                0x080010e0                vTaskDelay
 .text.vTaskStartScheduler
                0x08001154       0xc4 ./Common/ThirdParty/FreeRTOS/tasks.o
                0x08001154                vTaskStartScheduler
 .text.vTaskSuspendAll
                0x08001218       0x1c ./Common/ThirdParty/FreeRTOS/tasks.o
                0x08001218                vTaskSuspendAll
 .text.xTaskResumeAll
                0x08001234      0x200 ./Common/ThirdParty/FreeRTOS/tasks.o
                0x08001234                xTaskResumeAll
 .text.xTaskGetTickCount
                0x08001434       0x20 ./Common/ThirdParty/FreeRTOS/tasks.o
                0x08001434                xTaskGetTickCount
 .text.xTaskGetTickCountFromISR
                0x08001454       0x24 ./Common/ThirdParty/FreeRTOS/tasks.o
                0x08001454                xTaskGetTickCountFromISR
 .text.xTaskIncrementTick
                0x08001478      0x238 ./Common/ThirdParty/FreeRTOS/tasks.o
                0x08001478                xTaskIncrementTick
 .text.vTaskSwitchContext
                0x080016b0       0xd4 ./Common/ThirdParty/FreeRTOS/tasks.o
                0x080016b0                vTaskSwitchContext
 .text.vTaskPlaceOnEventList
                0x08001784       0x4c ./Common/ThirdParty/FreeRTOS/tasks.o
                0x08001784                vTaskPlaceOnEventList
 .text.vTaskPlaceOnEventListRestricted
                0x080017d0       0x94 ./Common/ThirdParty/FreeRTOS/tasks.o
                0x080017d0                vTaskPlaceOnEventListRestricted
 .text.xTaskRemoveFromEventList
                0x08001864      0x1b4 ./Common/ThirdParty/FreeRTOS/tasks.o
                0x08001864                xTaskRemoveFromEventList
 .text.vTaskInternalSetTimeOutState
                0x08001a18       0x2c ./Common/ThirdParty/FreeRTOS/tasks.o
                0x08001a18                vTaskInternalSetTimeOutState
 .text.xTaskCheckForTimeOut
                0x08001a44       0xd0 ./Common/ThirdParty/FreeRTOS/tasks.o
                0x08001a44                xTaskCheckForTimeOut
 .text.vTaskMissedYield
                0x08001b14       0x18 ./Common/ThirdParty/FreeRTOS/tasks.o
                0x08001b14                vTaskMissedYield
 .text.prvIdleTask
                0x08001b2c       0x30 ./Common/ThirdParty/FreeRTOS/tasks.o
 .text.prvInitialiseTaskLists
                0x08001b5c       0x80 ./Common/ThirdParty/FreeRTOS/tasks.o
 .text.prvCheckTasksWaitingTermination
                0x08001bdc       0x5c ./Common/ThirdParty/FreeRTOS/tasks.o
 .text.prvDeleteTCB
                0x08001c38       0x20 ./Common/ThirdParty/FreeRTOS/tasks.o
 .text.prvResetNextTaskUnblockTime
                0x08001c58       0x38 ./Common/ThirdParty/FreeRTOS/tasks.o
 .text.xTaskGetSchedulerState
                0x08001c90       0x3c ./Common/ThirdParty/FreeRTOS/tasks.o
                0x08001c90                xTaskGetSchedulerState
 .text.prvAddCurrentTaskToDelayedList
                0x08001ccc      0x100 ./Common/ThirdParty/FreeRTOS/tasks.o
 .text.xTimerCreateTimerTask
                0x08001dcc       0x68 ./Common/ThirdParty/FreeRTOS/timers.o
                0x08001dcc                xTimerCreateTimerTask
 .text.prvReloadTimer
                0x08001e34       0x42 ./Common/ThirdParty/FreeRTOS/timers.o
 *fill*         0x08001e76        0x2 
 .text.prvProcessExpiredTimer
                0x08001e78       0x60 ./Common/ThirdParty/FreeRTOS/timers.o
 .text.prvTimerTask
                0x08001ed8       0x26 ./Common/ThirdParty/FreeRTOS/timers.o
 *fill*         0x08001efe        0x2 
 .text.prvProcessTimerOrBlockTask
                0x08001f00       0x9c ./Common/ThirdParty/FreeRTOS/timers.o
 .text.prvGetNextExpireTime
                0x08001f9c       0x48 ./Common/ThirdParty/FreeRTOS/timers.o
 .text.prvSampleTimeNow
                0x08001fe4       0x40 ./Common/ThirdParty/FreeRTOS/timers.o
 .text.prvInsertTimerInActiveList
                0x08002024       0x84 ./Common/ThirdParty/FreeRTOS/timers.o
 .text.prvProcessReceivedCommands
                0x080020a8      0x184 ./Common/ThirdParty/FreeRTOS/timers.o
 .text.prvSwitchTimerLists
                0x0800222c       0x4c ./Common/ThirdParty/FreeRTOS/timers.o
 .text.prvCheckForValidListAndQueue
                0x08002278       0x6c ./Common/ThirdParty/FreeRTOS/timers.o
 .text.pxPortInitialiseStack
                0x080022e4       0x68 ./Common/ThirdParty/FreeRTOS/portable/GCC/ARM_CM4F/port.o
                0x080022e4                pxPortInitialiseStack
 .text.prvTaskExitError
                0x0800234c       0x5c ./Common/ThirdParty/FreeRTOS/portable/GCC/ARM_CM4F/port.o
 *fill*         0x080023a8        0x8 
 .text.SVC_Handler
                0x080023b0       0x28 ./Common/ThirdParty/FreeRTOS/portable/GCC/ARM_CM4F/port.o
                0x080023b0                SVC_Handler
 .text.prvPortStartFirstTask
                0x080023d8       0x2c ./Common/ThirdParty/FreeRTOS/portable/GCC/ARM_CM4F/port.o
 .text.xPortStartScheduler
                0x08002404      0x148 ./Common/ThirdParty/FreeRTOS/portable/GCC/ARM_CM4F/port.o
                0x08002404                xPortStartScheduler
 .text.vInitPrioGroupValue
                0x0800254c      0x100 ./Common/ThirdParty/FreeRTOS/portable/GCC/ARM_CM4F/port.o
                0x0800254c                vInitPrioGroupValue
 .text.vPortEnterCritical
                0x0800264c       0x64 ./Common/ThirdParty/FreeRTOS/portable/GCC/ARM_CM4F/port.o
                0x0800264c                vPortEnterCritical
 .text.vPortExitCritical
                0x080026b0       0x54 ./Common/ThirdParty/FreeRTOS/portable/GCC/ARM_CM4F/port.o
                0x080026b0                vPortExitCritical
 *fill*         0x08002704        0xc 
 .text.PendSV_Handler
                0x08002710       0x68 ./Common/ThirdParty/FreeRTOS/portable/GCC/ARM_CM4F/port.o
                0x08002710                PendSV_Handler
 .text.SysTick_Handler
                0x08002778       0x54 ./Common/ThirdParty/FreeRTOS/portable/GCC/ARM_CM4F/port.o
                0x08002778                SysTick_Handler
 .text.vPortSetupTimerInterrupt
                0x080027cc       0x48 ./Common/ThirdParty/FreeRTOS/portable/GCC/ARM_CM4F/port.o
                0x080027cc                vPortSetupTimerInterrupt
 .text.vPortEnableVFP
                0x08002814       0x18 ./Common/ThirdParty/FreeRTOS/portable/GCC/ARM_CM4F/port.o
 .text.vPortValidateInterruptPriority
                0x0800282c       0x84 ./Common/ThirdParty/FreeRTOS/portable/GCC/ARM_CM4F/port.o
                0x0800282c                vPortValidateInterruptPriority
 .text.pvPortMalloc
                0x080028b0      0x178 ./Common/ThirdParty/FreeRTOS/portable/MemMang/heap_4.o
                0x080028b0                pvPortMalloc
 .text.vPortFree
                0x08002a28       0xb4 ./Common/ThirdParty/FreeRTOS/portable/MemMang/heap_4.o
                0x08002a28                vPortFree
 .text.prvHeapInit
                0x08002adc       0xb8 ./Common/ThirdParty/FreeRTOS/portable/MemMang/heap_4.o
 .text.prvInsertBlockIntoFreeList
                0x08002b94       0xb4 ./Common/ThirdParty/FreeRTOS/portable/MemMang/heap_4.o
 .text._cbSendTaskList
                0x08002c48       0x90 ./Common/ThirdParty/SEGGER/OS/SEGGER_SYSVIEW_FreeRTOS.o
 .text._cbGetTime
                0x08002cd8       0x86 ./Common/ThirdParty/SEGGER/OS/SEGGER_SYSVIEW_FreeRTOS.o
 *fill*         0x08002d5e        0x2 
 .text.SYSVIEW_AddTask
                0x08002d60       0xd0 ./Common/ThirdParty/SEGGER/OS/SEGGER_SYSVIEW_FreeRTOS.o
                0x08002d60                SYSVIEW_AddTask
 .text.SYSVIEW_SendTaskInfo
                0x08002e30       0x42 ./Common/ThirdParty/SEGGER/OS/SEGGER_SYSVIEW_FreeRTOS.o
                0x08002e30                SYSVIEW_SendTaskInfo
 *fill*         0x08002e72        0x2 
 .text.__NVIC_EnableIRQ
                0x08002e74       0x3c ./Common/ThirdParty/SEGGER/Rec/segger_uart.o
 .text.__NVIC_SetPriority
                0x08002eb0       0x54 ./Common/ThirdParty/SEGGER/Rec/segger_uart.o
 .text._StartSysView
                0x08002f04       0x1e ./Common/ThirdParty/SEGGER/Rec/segger_uart.o
 *fill*         0x08002f22        0x2 
 .text._cbOnUARTRx
                0x08002f24       0x40 ./Common/ThirdParty/SEGGER/Rec/segger_uart.o
 .text._cbOnUARTTx
                0x08002f64       0x64 ./Common/ThirdParty/SEGGER/Rec/segger_uart.o
 .text.SEGGER_UART_init
                0x08002fc8       0x24 ./Common/ThirdParty/SEGGER/Rec/segger_uart.o
                0x08002fc8                SEGGER_UART_init
 .text.USART2_IRQHandler
                0x08002fec       0x94 ./Common/ThirdParty/SEGGER/Rec/segger_uart.o
                0x08002fec                USART2_IRQHandler
 .text.HIF_UART_EnableTXEInterrupt
                0x08003080       0x20 ./Common/ThirdParty/SEGGER/Rec/segger_uart.o
                0x08003080                HIF_UART_EnableTXEInterrupt
 .text.HIF_UART_Init
                0x080030a0       0xf4 ./Common/ThirdParty/SEGGER/Rec/segger_uart.o
                0x080030a0                HIF_UART_Init
 .text._DoInit  0x08003194       0xb0 ./Common/ThirdParty/SEGGER/SEGGER/SEGGER_RTT.o
 .text._WriteBlocking
                0x08003244       0xba ./Common/ThirdParty/SEGGER/SEGGER/SEGGER_RTT.o
 .text._WriteNoCheck
                0x080032fe       0x90 ./Common/ThirdParty/SEGGER/SEGGER/SEGGER_RTT.o
 .text._GetAvailWriteSpace
                0x0800338e       0x46 ./Common/ThirdParty/SEGGER/SEGGER/SEGGER_RTT.o
 .text.SEGGER_RTT_ReadUpBufferNoLock
                0x080033d4      0x10c ./Common/ThirdParty/SEGGER/SEGGER/SEGGER_RTT.o
                0x080033d4                SEGGER_RTT_ReadUpBufferNoLock
 .text.SEGGER_RTT_ReadNoLock
                0x080034e0      0x10c ./Common/ThirdParty/SEGGER/SEGGER/SEGGER_RTT.o
                0x080034e0                SEGGER_RTT_ReadNoLock
 .text.SEGGER_RTT_WriteDownBufferNoLock
                0x080035ec       0xa0 ./Common/ThirdParty/SEGGER/SEGGER/SEGGER_RTT.o
                0x080035ec                SEGGER_RTT_WriteDownBufferNoLock
 .text.SEGGER_RTT_WriteDownBuffer
                0x0800368c       0x4c ./Common/ThirdParty/SEGGER/SEGGER/SEGGER_RTT.o
                0x0800368c                SEGGER_RTT_WriteDownBuffer
 .text.SEGGER_RTT_AllocUpBuffer
                0x080036d8      0x108 ./Common/ThirdParty/SEGGER/SEGGER/SEGGER_RTT.o
                0x080036d8                SEGGER_RTT_AllocUpBuffer
 .text.SEGGER_RTT_ConfigDownBuffer
                0x080037e0       0xe0 ./Common/ThirdParty/SEGGER/SEGGER/SEGGER_RTT.o
                0x080037e0                SEGGER_RTT_ConfigDownBuffer
 .text._EncodeStr
                0x080038c0       0x9a ./Common/ThirdParty/SEGGER/SEGGER/SEGGER_SYSVIEW.o
 .text._PreparePacket
                0x0800395a       0x18 ./Common/ThirdParty/SEGGER/SEGGER/SEGGER_SYSVIEW.o
 *fill*         0x08003972        0x2 
 .text._HandleIncomingPacket
                0x08003974       0xe0 ./Common/ThirdParty/SEGGER/SEGGER/SEGGER_SYSVIEW.o
 .text._TrySendOverflowPacket
                0x08003a54       0xe8 ./Common/ThirdParty/SEGGER/SEGGER/SEGGER_SYSVIEW.o
 .text._SendPacket
                0x08003b3c      0x1d0 ./Common/ThirdParty/SEGGER/SEGGER/SEGGER_SYSVIEW.o
 .text._StoreChar
                0x08003d0c       0xf6 ./Common/ThirdParty/SEGGER/SEGGER/SEGGER_SYSVIEW.o
 *fill*         0x08003e02        0x2 
 .text._PrintUnsigned
                0x08003e04      0x12c ./Common/ThirdParty/SEGGER/SEGGER/SEGGER_SYSVIEW.o
 .text._PrintInt
                0x08003f30      0x11e ./Common/ThirdParty/SEGGER/SEGGER/SEGGER_SYSVIEW.o
 *fill*         0x0800404e        0x2 
 .text._VPrintTarget
                0x08004050      0x3f0 ./Common/ThirdParty/SEGGER/SEGGER/SEGGER_SYSVIEW.o
 .text.SEGGER_SYSVIEW_Init
                0x08004440       0x88 ./Common/ThirdParty/SEGGER/SEGGER/SEGGER_SYSVIEW.o
                0x08004440                SEGGER_SYSVIEW_Init
 .text.SEGGER_SYSVIEW_SetRAMBase
                0x080044c8       0x20 ./Common/ThirdParty/SEGGER/SEGGER/SEGGER_SYSVIEW.o
                0x080044c8                SEGGER_SYSVIEW_SetRAMBase
 .text.SEGGER_SYSVIEW_RecordVoid
                0x080044e8       0x3c ./Common/ThirdParty/SEGGER/SEGGER/SEGGER_SYSVIEW.o
                0x080044e8                SEGGER_SYSVIEW_RecordVoid
 .text.SEGGER_SYSVIEW_RecordU32
                0x08004524       0x78 ./Common/ThirdParty/SEGGER/SEGGER/SEGGER_SYSVIEW.o
                0x08004524                SEGGER_SYSVIEW_RecordU32
 .text.SEGGER_SYSVIEW_RecordU32x2
                0x0800459c       0xb4 ./Common/ThirdParty/SEGGER/SEGGER/SEGGER_SYSVIEW.o
                0x0800459c                SEGGER_SYSVIEW_RecordU32x2
 .text.SEGGER_SYSVIEW_RecordU32x3
                0x08004650       0xec ./Common/ThirdParty/SEGGER/SEGGER/SEGGER_SYSVIEW.o
                0x08004650                SEGGER_SYSVIEW_RecordU32x3
 .text.SEGGER_SYSVIEW_RecordU32x4
                0x0800473c      0x124 ./Common/ThirdParty/SEGGER/SEGGER/SEGGER_SYSVIEW.o
                0x0800473c                SEGGER_SYSVIEW_RecordU32x4
 .text.SEGGER_SYSVIEW_Start
                0x08004860      0x178 ./Common/ThirdParty/SEGGER/SEGGER/SEGGER_SYSVIEW.o
                0x08004860                SEGGER_SYSVIEW_Start
 .text.SEGGER_SYSVIEW_Stop
                0x080049d8       0x4c ./Common/ThirdParty/SEGGER/SEGGER/SEGGER_SYSVIEW.o
                0x080049d8                SEGGER_SYSVIEW_Stop
 .text.SEGGER_SYSVIEW_GetSysDesc
                0x08004a24      0x134 ./Common/ThirdParty/SEGGER/SEGGER/SEGGER_SYSVIEW.o
                0x08004a24                SEGGER_SYSVIEW_GetSysDesc
 .text.SEGGER_SYSVIEW_SendTaskInfo
                0x08004b58      0x1c8 ./Common/ThirdParty/SEGGER/SEGGER/SEGGER_SYSVIEW.o
                0x08004b58                SEGGER_SYSVIEW_SendTaskInfo
 .text.SEGGER_SYSVIEW_SendTaskList
                0x08004d20       0x28 ./Common/ThirdParty/SEGGER/SEGGER/SEGGER_SYSVIEW.o
                0x08004d20                SEGGER_SYSVIEW_SendTaskList
 .text.SEGGER_SYSVIEW_SendSysDesc
                0x08004d48       0x48 ./Common/ThirdParty/SEGGER/SEGGER/SEGGER_SYSVIEW.o
                0x08004d48                SEGGER_SYSVIEW_SendSysDesc
 .text.SEGGER_SYSVIEW_RecordSystime
                0x08004d90       0x64 ./Common/ThirdParty/SEGGER/SEGGER/SEGGER_SYSVIEW.o
                0x08004d90                SEGGER_SYSVIEW_RecordSystime
 .text.SEGGER_SYSVIEW_RecordEnterISR
                0x08004df4       0x84 ./Common/ThirdParty/SEGGER/SEGGER/SEGGER_SYSVIEW.o
                0x08004df4                SEGGER_SYSVIEW_RecordEnterISR
 .text.SEGGER_SYSVIEW_RecordExitISR
                0x08004e78       0x38 ./Common/ThirdParty/SEGGER/SEGGER/SEGGER_SYSVIEW.o
                0x08004e78                SEGGER_SYSVIEW_RecordExitISR
 .text.SEGGER_SYSVIEW_RecordExitISRToScheduler
                0x08004eb0       0x38 ./Common/ThirdParty/SEGGER/SEGGER/SEGGER_SYSVIEW.o
                0x08004eb0                SEGGER_SYSVIEW_RecordExitISRToScheduler
 .text.SEGGER_SYSVIEW_OnIdle
                0x08004ee8       0x38 ./Common/ThirdParty/SEGGER/SEGGER/SEGGER_SYSVIEW.o
                0x08004ee8                SEGGER_SYSVIEW_OnIdle
 .text.SEGGER_SYSVIEW_OnTaskCreate
                0x08004f20       0x84 ./Common/ThirdParty/SEGGER/SEGGER/SEGGER_SYSVIEW.o
                0x08004f20                SEGGER_SYSVIEW_OnTaskCreate
 .text.SEGGER_SYSVIEW_OnTaskStartExec
                0x08004fa4       0x84 ./Common/ThirdParty/SEGGER/SEGGER/SEGGER_SYSVIEW.o
                0x08004fa4                SEGGER_SYSVIEW_OnTaskStartExec
 .text.SEGGER_SYSVIEW_OnTaskStartReady
                0x08005028       0x84 ./Common/ThirdParty/SEGGER/SEGGER/SEGGER_SYSVIEW.o
                0x08005028                SEGGER_SYSVIEW_OnTaskStartReady
 .text.SEGGER_SYSVIEW_ShrinkId
                0x080050ac       0x20 ./Common/ThirdParty/SEGGER/SEGGER/SEGGER_SYSVIEW.o
                0x080050ac                SEGGER_SYSVIEW_ShrinkId
 .text.SEGGER_SYSVIEW_SendModule
                0x080050cc      0x100 ./Common/ThirdParty/SEGGER/SEGGER/SEGGER_SYSVIEW.o
                0x080050cc                SEGGER_SYSVIEW_SendModule
 .text.SEGGER_SYSVIEW_SendModuleDescription
                0x080051cc       0x3c ./Common/ThirdParty/SEGGER/SEGGER/SEGGER_SYSVIEW.o
                0x080051cc                SEGGER_SYSVIEW_SendModuleDescription
 .text.SEGGER_SYSVIEW_SendNumModules
                0x08005208       0x7c ./Common/ThirdParty/SEGGER/SEGGER/SEGGER_SYSVIEW.o
                0x08005208                SEGGER_SYSVIEW_SendNumModules
 .text.SEGGER_SYSVIEW_PrintfTarget
                0x08005284       0x28 ./Common/ThirdParty/SEGGER/SEGGER/SEGGER_SYSVIEW.o
                0x08005284                SEGGER_SYSVIEW_PrintfTarget
 .text.SEGGER_SYSVIEW_Warn
                0x080052ac       0xb8 ./Common/ThirdParty/SEGGER/SEGGER/SEGGER_SYSVIEW.o
                0x080052ac                SEGGER_SYSVIEW_Warn
 .text.SEGGER_SYSVIEW_IsStarted
                0x08005364       0x5c ./Common/ThirdParty/SEGGER/SEGGER/SEGGER_SYSVIEW.o
                0x08005364                SEGGER_SYSVIEW_IsStarted
 .text._cbSendSystemDesc
                0x080053c0       0x1c ./Common/ThirdParty/SEGGER/config/SEGGER_SYSVIEW_Config_FreeRTOS.o
 .text.SEGGER_SYSVIEW_Conf
                0x080053dc       0x2c ./Common/ThirdParty/SEGGER/config/SEGGER_SYSVIEW_Config_FreeRTOS.o
                0x080053dc                SEGGER_SYSVIEW_Conf
 .text.main     0x08005408      0x100 ./Core/Src/main.o
                0x08005408                main
 .text.SystemClock_Config
                0x08005508       0xd4 ./Core/Src/main.o
                0x08005508                SystemClock_Config
 .text.MX_GPIO_Init
                0x080055dc      0x2bc ./Core/Src/main.o
 .text.Red_LED_task
                0x08005898       0x40 ./Core/Src/main.o
                0x08005898                Red_LED_task
 .text.Green_LED_task
                0x080058d8       0x40 ./Core/Src/main.o
                0x080058d8                Green_LED_task
 .text.Orange_LED_task
                0x08005918       0x40 ./Core/Src/main.o
                0x08005918                Orange_LED_task
 .text.HAL_TIM_PeriodElapsedCallback
                0x08005958       0x24 ./Core/Src/main.o
                0x08005958                HAL_TIM_PeriodElapsedCallback
 .text.Error_Handler
                0x0800597c        0xc ./Core/Src/main.o
                0x0800597c                Error_Handler
 .text.HAL_MspInit
                0x08005988       0x50 ./Core/Src/stm32f4xx_hal_msp.o
                0x08005988                HAL_MspInit
 .text.HAL_InitTick
                0x080059d8       0xf8 ./Core/Src/stm32f4xx_hal_timebase_tim.o
                0x080059d8                HAL_InitTick
 .text.NMI_Handler
                0x08005ad0        0x8 ./Core/Src/stm32f4xx_it.o
                0x08005ad0                NMI_Handler
 .text.HardFault_Handler
                0x08005ad8        0x8 ./Core/Src/stm32f4xx_it.o
                0x08005ad8                HardFault_Handler
 .text.MemManage_Handler
                0x08005ae0        0x8 ./Core/Src/stm32f4xx_it.o
                0x08005ae0                MemManage_Handler
 .text.BusFault_Handler
                0x08005ae8        0x8 ./Core/Src/stm32f4xx_it.o
                0x08005ae8                BusFault_Handler
 .text.UsageFault_Handler
                0x08005af0        0x8 ./Core/Src/stm32f4xx_it.o
                0x08005af0                UsageFault_Handler
 .text.DebugMon_Handler
                0x08005af8        0xe ./Core/Src/stm32f4xx_it.o
                0x08005af8                DebugMon_Handler
 *fill*         0x08005b06        0x2 
 .text.TIM6_DAC_IRQHandler
                0x08005b08       0x14 ./Core/Src/stm32f4xx_it.o
                0x08005b08                TIM6_DAC_IRQHandler
 .text.SystemInit
                0x08005b1c       0x24 ./Core/Src/system_stm32f4xx.o
                0x08005b1c                SystemInit
 .text.Reset_Handler
                0x08005b40       0x50 ./Core/Startup/startup_stm32f407vgtx.o
                0x08005b40                Reset_Handler
 .text.Default_Handler
                0x08005b90        0x2 ./Core/Startup/startup_stm32f407vgtx.o
                0x08005b90                RTC_Alarm_IRQHandler
                0x08005b90                HASH_RNG_IRQHandler
                0x08005b90                EXTI2_IRQHandler
                0x08005b90                TIM8_CC_IRQHandler
                0x08005b90                TIM1_CC_IRQHandler
                0x08005b90                DMA2_Stream5_IRQHandler
                0x08005b90                DMA1_Stream5_IRQHandler
                0x08005b90                PVD_IRQHandler
                0x08005b90                SDIO_IRQHandler
                0x08005b90                TAMP_STAMP_IRQHandler
                0x08005b90                CAN2_RX1_IRQHandler
                0x08005b90                EXTI3_IRQHandler
                0x08005b90                TIM8_TRG_COM_TIM14_IRQHandler
                0x08005b90                TIM1_UP_TIM10_IRQHandler
                0x08005b90                TIM8_UP_TIM13_IRQHandler
                0x08005b90                I2C3_ER_IRQHandler
                0x08005b90                EXTI0_IRQHandler
                0x08005b90                I2C2_EV_IRQHandler
                0x08005b90                DMA1_Stream2_IRQHandler
                0x08005b90                CAN1_RX0_IRQHandler
                0x08005b90                FPU_IRQHandler
                0x08005b90                OTG_HS_WKUP_IRQHandler
                0x08005b90                CAN2_SCE_IRQHandler
                0x08005b90                DMA2_Stream2_IRQHandler
                0x08005b90                SPI1_IRQHandler
                0x08005b90                TIM1_BRK_TIM9_IRQHandler
                0x08005b90                DCMI_IRQHandler
                0x08005b90                CAN2_RX0_IRQHandler
                0x08005b90                DMA2_Stream3_IRQHandler
                0x08005b90                USART6_IRQHandler
                0x08005b90                USART3_IRQHandler
                0x08005b90                CAN1_RX1_IRQHandler
                0x08005b90                UART5_IRQHandler
                0x08005b90                DMA2_Stream0_IRQHandler
                0x08005b90                TIM4_IRQHandler
                0x08005b90                I2C1_EV_IRQHandler
                0x08005b90                DMA1_Stream6_IRQHandler
                0x08005b90                DMA1_Stream1_IRQHandler
                0x08005b90                UART4_IRQHandler
                0x08005b90                TIM3_IRQHandler
                0x08005b90                RCC_IRQHandler
                0x08005b90                TIM8_BRK_TIM12_IRQHandler
                0x08005b90                Default_Handler
                0x08005b90                EXTI15_10_IRQHandler
                0x08005b90                ADC_IRQHandler
                0x08005b90                DMA1_Stream7_IRQHandler
                0x08005b90                TIM7_IRQHandler
                0x08005b90                CAN2_TX_IRQHandler
                0x08005b90                TIM5_IRQHandler
                0x08005b90                DMA2_Stream7_IRQHandler
                0x08005b90                I2C3_EV_IRQHandler
                0x08005b90                EXTI9_5_IRQHandler
                0x08005b90                RTC_WKUP_IRQHandler
                0x08005b90                ETH_WKUP_IRQHandler
                0x08005b90                SPI2_IRQHandler
                0x08005b90                OTG_HS_EP1_IN_IRQHandler
                0x08005b90                DMA1_Stream0_IRQHandler
                0x08005b90                CAN1_TX_IRQHandler
                0x08005b90                EXTI4_IRQHandler
                0x08005b90                FSMC_IRQHandler
                0x08005b90                ETH_IRQHandler
                0x08005b90                OTG_HS_EP1_OUT_IRQHandler
                0x08005b90                WWDG_IRQHandler
                0x08005b90                TIM2_IRQHandler
                0x08005b90                OTG_FS_WKUP_IRQHandler
                0x08005b90                TIM1_TRG_COM_TIM11_IRQHandler
                0x08005b90                OTG_HS_IRQHandler
                0x08005b90                EXTI1_IRQHandler
                0x08005b90                I2C2_ER_IRQHandler
                0x08005b90                DMA2_Stream1_IRQHandler
                0x08005b90                CAN1_SCE_IRQHandler
                0x08005b90                FLASH_IRQHandler
                0x08005b90                DMA2_Stream4_IRQHandler
                0x08005b90                USART1_IRQHandler
                0x08005b90                OTG_FS_IRQHandler
                0x08005b90                SPI3_IRQHandler
                0x08005b90                DMA1_Stream4_IRQHandler
                0x08005b90                I2C1_ER_IRQHandler
                0x08005b90                DMA2_Stream6_IRQHandler
                0x08005b90                DMA1_Stream3_IRQHandler
 *fill*         0x08005b92        0x2 
 .text.HAL_Init
                0x08005b94       0x44 ./Drivers/STM32F4xx_HAL_Driver/Src/stm32f4xx_hal.o
                0x08005b94                HAL_Init
 .text.HAL_IncTick
                0x08005bd8       0x28 ./Drivers/STM32F4xx_HAL_Driver/Src/stm32f4xx_hal.o
                0x08005bd8                HAL_IncTick
 .text.HAL_GetTick
                0x08005c00       0x18 ./Drivers/STM32F4xx_HAL_Driver/Src/stm32f4xx_hal.o
                0x08005c00                HAL_GetTick
 .text.__NVIC_SetPriorityGrouping
                0x08005c18       0x48 ./Drivers/STM32F4xx_HAL_Driver/Src/stm32f4xx_hal_cortex.o
 .text.__NVIC_GetPriorityGrouping
                0x08005c60       0x1c ./Drivers/STM32F4xx_HAL_Driver/Src/stm32f4xx_hal_cortex.o
 .text.__NVIC_EnableIRQ
                0x08005c7c       0x3c ./Drivers/STM32F4xx_HAL_Driver/Src/stm32f4xx_hal_cortex.o
 .text.__NVIC_SetPriority
                0x08005cb8       0x54 ./Drivers/STM32F4xx_HAL_Driver/Src/stm32f4xx_hal_cortex.o
 .text.NVIC_EncodePriority
                0x08005d0c       0x66 ./Drivers/STM32F4xx_HAL_Driver/Src/stm32f4xx_hal_cortex.o
 .text.HAL_NVIC_SetPriorityGrouping
                0x08005d72       0x16 ./Drivers/STM32F4xx_HAL_Driver/Src/stm32f4xx_hal_cortex.o
                0x08005d72                HAL_NVIC_SetPriorityGrouping
 .text.HAL_NVIC_SetPriority
                0x08005d88       0x38 ./Drivers/STM32F4xx_HAL_Driver/Src/stm32f4xx_hal_cortex.o
                0x08005d88                HAL_NVIC_SetPriority
 .text.HAL_NVIC_EnableIRQ
                0x08005dc0       0x1c ./Drivers/STM32F4xx_HAL_Driver/Src/stm32f4xx_hal_cortex.o
                0x08005dc0                HAL_NVIC_EnableIRQ
 .text.HAL_GPIO_Init
                0x08005ddc      0x338 ./Drivers/STM32F4xx_HAL_Driver/Src/stm32f4xx_hal_gpio.o
                0x08005ddc                HAL_GPIO_Init
 .text.HAL_GPIO_WritePin
                0x08006114       0x32 ./Drivers/STM32F4xx_HAL_Driver/Src/stm32f4xx_hal_gpio.o
                0x08006114                HAL_GPIO_WritePin
 .text.HAL_GPIO_TogglePin
                0x08006146       0x34 ./Drivers/STM32F4xx_HAL_Driver/Src/stm32f4xx_hal_gpio.o
                0x08006146                HAL_GPIO_TogglePin
 *fill*         0x0800617a        0x2 
 .text.HAL_RCC_OscConfig
                0x0800617c      0x4f0 ./Drivers/STM32F4xx_HAL_Driver/Src/stm32f4xx_hal_rcc.o
                0x0800617c                HAL_RCC_OscConfig
 .text.HAL_RCC_ClockConfig
                0x0800666c      0x1cc ./Drivers/STM32F4xx_HAL_Driver/Src/stm32f4xx_hal_rcc.o
                0x0800666c                HAL_RCC_ClockConfig
 .text.HAL_RCC_GetSysClockFreq
                0x08006838      0x20c ./Drivers/STM32F4xx_HAL_Driver/Src/stm32f4xx_hal_rcc.o
                0x08006838                HAL_RCC_GetSysClockFreq
 .text.HAL_RCC_GetHCLKFreq
                0x08006a44       0x18 ./Drivers/STM32F4xx_HAL_Driver/Src/stm32f4xx_hal_rcc.o
                0x08006a44                HAL_RCC_GetHCLKFreq
 .text.HAL_RCC_GetPCLK1Freq
                0x08006a5c       0x28 ./Drivers/STM32F4xx_HAL_Driver/Src/stm32f4xx_hal_rcc.o
                0x08006a5c                HAL_RCC_GetPCLK1Freq
 .text.HAL_RCC_GetClockConfig
                0x08006a84       0x64 ./Drivers/STM32F4xx_HAL_Driver/Src/stm32f4xx_hal_rcc.o
                0x08006a84                HAL_RCC_GetClockConfig
 .text.HAL_TIM_Base_Init
                0x08006ae8       0x9e ./Drivers/STM32F4xx_HAL_Driver/Src/stm32f4xx_hal_tim.o
                0x08006ae8                HAL_TIM_Base_Init
 .text.HAL_TIM_Base_MspInit
                0x08006b86       0x14 ./Drivers/STM32F4xx_HAL_Driver/Src/stm32f4xx_hal_tim.o
                0x08006b86                HAL_TIM_Base_MspInit
 *fill*         0x08006b9a        0x2 
 .text.HAL_TIM_Base_Start_IT
                0x08006b9c       0xe0 ./Drivers/STM32F4xx_HAL_Driver/Src/stm32f4xx_hal_tim.o
                0x08006b9c                HAL_TIM_Base_Start_IT
 .text.HAL_TIM_IRQHandler
                0x08006c7c      0x1e0 ./Drivers/STM32F4xx_HAL_Driver/Src/stm32f4xx_hal_tim.o
                0x08006c7c                HAL_TIM_IRQHandler
 .text.HAL_TIM_OC_DelayElapsedCallback
                0x08006e5c       0x14 ./Drivers/STM32F4xx_HAL_Driver/Src/stm32f4xx_hal_tim.o
                0x08006e5c                HAL_TIM_OC_DelayElapsedCallback
 .text.HAL_TIM_IC_CaptureCallback
                0x08006e70       0x14 ./Drivers/STM32F4xx_HAL_Driver/Src/stm32f4xx_hal_tim.o
                0x08006e70                HAL_TIM_IC_CaptureCallback
 .text.HAL_TIM_PWM_PulseFinishedCallback
                0x08006e84       0x14 ./Drivers/STM32F4xx_HAL_Driver/Src/stm32f4xx_hal_tim.o
                0x08006e84                HAL_TIM_PWM_PulseFinishedCallback
 .text.HAL_TIM_TriggerCallback
                0x08006e98       0x14 ./Drivers/STM32F4xx_HAL_Driver/Src/stm32f4xx_hal_tim.o
                0x08006e98                HAL_TIM_TriggerCallback
 .text.TIM_Base_SetConfig
                0x08006eac      0x158 ./Drivers/STM32F4xx_HAL_Driver/Src/stm32f4xx_hal_tim.o
                0x08006eac                TIM_Base_SetConfig
 .text.HAL_TIMEx_CommutCallback
                0x08007004       0x14 ./Drivers/STM32F4xx_HAL_Driver/Src/stm32f4xx_hal_tim_ex.o
                0x08007004                HAL_TIMEx_CommutCallback
 .text.HAL_TIMEx_BreakCallback
                0x08007018       0x14 ./Drivers/STM32F4xx_HAL_Driver/Src/stm32f4xx_hal_tim_ex.o
                0x08007018                HAL_TIMEx_BreakCallback
 .text.snprintf
                0x0800702c       0x6c /opt/st/stm32cubeide_1.18.1/plugins/com.st.stm32cube.ide.mcu.externaltools.gnu-tools-for-stm32.13.3.rel1.linux64_1.0.0.202410170706/tools/bin/../lib/gcc/arm-none-eabi/13.3.1/../../../../arm-none-eabi/lib/thumb/v7e-m+fp/hard/libc_nano.a(libc_a-snprintf.o)
                0x0800702c                snprintf
                0x0800702c                sniprintf
 .text.memcmp   0x08007098       0x20 /opt/st/stm32cubeide_1.18.1/plugins/com.st.stm32cube.ide.mcu.externaltools.gnu-tools-for-stm32.13.3.rel1.linux64_1.0.0.202410170706/tools/bin/../lib/gcc/arm-none-eabi/13.3.1/../../../../arm-none-eabi/lib/thumb/v7e-m+fp/hard/libc_nano.a(libc_a-memcmp.o)
                0x08007098                memcmp
 .text.memset   0x080070b8       0x10 /opt/st/stm32cubeide_1.18.1/plugins/com.st.stm32cube.ide.mcu.externaltools.gnu-tools-for-stm32.13.3.rel1.linux64_1.0.0.202410170706/tools/bin/../lib/gcc/arm-none-eabi/13.3.1/../../../../arm-none-eabi/lib/thumb/v7e-m+fp/hard/libc_nano.a(libc_a-memset.o)
                0x080070b8                memset
 .text.__libc_init_array
                0x080070c8       0x48 /opt/st/stm32cubeide_1.18.1/plugins/com.st.stm32cube.ide.mcu.externaltools.gnu-tools-for-stm32.13.3.rel1.linux64_1.0.0.202410170706/tools/bin/../lib/gcc/arm-none-eabi/13.3.1/../../../../arm-none-eabi/lib/thumb/v7e-m+fp/hard/libc_nano.a(libc_a-init.o)
                0x080070c8                __libc_init_array
 .text.__retarget_lock_acquire_recursive
                0x08007110        0x2 /opt/st/stm32cubeide_1.18.1/plugins/com.st.stm32cube.ide.mcu.externaltools.gnu-tools-for-stm32.13.3.rel1.linux64_1.0.0.202410170706/tools/bin/../lib/gcc/arm-none-eabi/13.3.1/../../../../arm-none-eabi/lib/thumb/v7e-m+fp/hard/libc_nano.a(libc_a-lock.o)
                0x08007110                __retarget_lock_acquire_recursive
 .text.__retarget_lock_release_recursive
                0x08007112        0x2 /opt/st/stm32cubeide_1.18.1/plugins/com.st.stm32cube.ide.mcu.externaltools.gnu-tools-for-stm32.13.3.rel1.linux64_1.0.0.202410170706/tools/bin/../lib/gcc/arm-none-eabi/13.3.1/../../../../arm-none-eabi/lib/thumb/v7e-m+fp/hard/libc_nano.a(libc_a-lock.o)
                0x08007112                __retarget_lock_release_recursive
 .text.memcpy   0x08007114       0x1c /opt/st/stm32cubeide_1.18.1/plugins/com.st.stm32cube.ide.mcu.externaltools.gnu-tools-for-stm32.13.3.rel1.linux64_1.0.0.202410170706/tools/bin/../lib/gcc/arm-none-eabi/13.3.1/../../../../arm-none-eabi/lib/thumb/v7e-m+fp/hard/libc_nano.a(libc_a-memcpy-stub.o)
                0x08007114                memcpy
 .text._free_r  0x08007130       0x94 /opt/st/stm32cubeide_1.18.1/plugins/com.st.stm32cube.ide.mcu.externaltools.gnu-tools-for-stm32.13.3.rel1.linux64_1.0.0.202410170706/tools/bin/../lib/gcc/arm-none-eabi/13.3.1/../../../../arm-none-eabi/lib/thumb/v7e-m+fp/hard/libc_nano.a(libc_a-freer.o)
                0x08007130                _free_r
 .text.sbrk_aligned
                0x080071c4       0x44 /opt/st/stm32cubeide_1.18.1/plugins/com.st.stm32cube.ide.mcu.externaltools.gnu-tools-for-stm32.13.3.rel1.linux64_1.0.0.202410170706/tools/bin/../lib/gcc/arm-none-eabi/13.3.1/../../../../arm-none-eabi/lib/thumb/v7e-m+fp/hard/libc_nano.a(libc_a-mallocr.o)
 .text._malloc_r
                0x08007208      0x100 /opt/st/stm32cubeide_1.18.1/plugins/com.st.stm32cube.ide.mcu.externaltools.gnu-tools-for-stm32.13.3.rel1.linux64_1.0.0.202410170706/tools/bin/../lib/gcc/arm-none-eabi/13.3.1/../../../../arm-none-eabi/lib/thumb/v7e-m+fp/hard/libc_nano.a(libc_a-mallocr.o)
                0x08007208                _malloc_r
 .text.__malloc_lock
                0x08007308        0xc /opt/st/stm32cubeide_1.18.1/plugins/com.st.stm32cube.ide.mcu.externaltools.gnu-tools-for-stm32.13.3.rel1.linux64_1.0.0.202410170706/tools/bin/../lib/gcc/arm-none-eabi/13.3.1/../../../../arm-none-eabi/lib/thumb/v7e-m+fp/hard/libc_nano.a(libc_a-mlock.o)
                0x08007308                __malloc_lock
 .text.__malloc_unlock
                0x08007314        0xc /opt/st/stm32cubeide_1.18.1/plugins/com.st.stm32cube.ide.mcu.externaltools.gnu-tools-for-stm32.13.3.rel1.linux64_1.0.0.202410170706/tools/bin/../lib/gcc/arm-none-eabi/13.3.1/../../../../arm-none-eabi/lib/thumb/v7e-m+fp/hard/libc_nano.a(libc_a-mlock.o)
                0x08007314                __malloc_unlock
 .text.__ssputs_r
                0x08007320       0xb6 /opt/st/stm32cubeide_1.18.1/plugins/com.st.stm32cube.ide.mcu.externaltools.gnu-tools-for-stm32.13.3.rel1.linux64_1.0.0.202410170706/tools/bin/../lib/gcc/arm-none-eabi/13.3.1/../../../../arm-none-eabi/lib/thumb/v7e-m+fp/hard/libc_nano.a(libc_a-nano-svfprintf.o)
                0x08007320                __ssputs_r
 *fill*         0x080073d6        0x2 
 .text._svfprintf_r
                0x080073d8      0x1f8 /opt/st/stm32cubeide_1.18.1/plugins/com.st.stm32cube.ide.mcu.externaltools.gnu-tools-for-stm32.13.3.rel1.linux64_1.0.0.202410170706/tools/bin/../lib/gcc/arm-none-eabi/13.3.1/../../../../arm-none-eabi/lib/thumb/v7e-m+fp/hard/libc_nano.a(libc_a-nano-svfprintf.o)
                0x080073d8                _svfprintf_r
                0x080073d8                _svfiprintf_r
 .text._printf_common
                0x080075d0       0xda /opt/st/stm32cubeide_1.18.1/plugins/com.st.stm32cube.ide.mcu.externaltools.gnu-tools-for-stm32.13.3.rel1.linux64_1.0.0.202410170706/tools/bin/../lib/gcc/arm-none-eabi/13.3.1/../../../../arm-none-eabi/lib/thumb/v7e-m+fp/hard/libc_nano.a(libc_a-nano-vfprintf_i.o)
                0x080075d0                _printf_common
 *fill*         0x080076aa        0x2 
 .text._printf_i
                0x080076ac      0x23c /opt/st/stm32cubeide_1.18.1/plugins/com.st.stm32cube.ide.mcu.externaltools.gnu-tools-for-stm32.13.3.rel1.linux64_1.0.0.202410170706/tools/bin/../lib/gcc/arm-none-eabi/13.3.1/../../../../arm-none-eabi/lib/thumb/v7e-m+fp/hard/libc_nano.a(libc_a-nano-vfprintf_i.o)
                0x080076ac                _printf_i
 .text.memmove  0x080078e8       0x34 /opt/st/stm32cubeide_1.18.1/plugins/com.st.stm32cube.ide.mcu.externaltools.gnu-tools-for-stm32.13.3.rel1.linux64_1.0.0.202410170706/tools/bin/../lib/gcc/arm-none-eabi/13.3.1/../../../../arm-none-eabi/lib/thumb/v7e-m+fp/hard/libc_nano.a(libc_a-memmove.o)
                0x080078e8                memmove
 .text._sbrk_r  0x0800791c       0x20 /opt/st/stm32cubeide_1.18.1/plugins/com.st.stm32cube.ide.mcu.externaltools.gnu-tools-for-stm32.13.3.rel1.linux64_1.0.0.202410170706/tools/bin/../lib/gcc/arm-none-eabi/13.3.1/../../../../arm-none-eabi/lib/thumb/v7e-m+fp/hard/libc_nano.a(libc_a-sbrkr.o)
                0x0800791c                _sbrk_r
 .text._realloc_r
                0x0800793c       0x5c /opt/st/stm32cubeide_1.18.1/plugins/com.st.stm32cube.ide.mcu.externaltools.gnu-tools-for-stm32.13.3.rel1.linux64_1.0.0.202410170706/tools/bin/../lib/gcc/arm-none-eabi/13.3.1/../../../../arm-none-eabi/lib/thumb/v7e-m+fp/hard/libc_nano.a(libc_a-reallocr.o)
                0x0800793c                _realloc_r
 .text._malloc_usable_size_r
                0x08007998       0x10 /opt/st/stm32cubeide_1.18.1/plugins/com.st.stm32cube.ide.mcu.externaltools.gnu-tools-for-stm32.13.3.rel1.linux64_1.0.0.202410170706/tools/bin/../lib/gcc/arm-none-eabi/13.3.1/../../../../arm-none-eabi/lib/thumb/v7e-m+fp/hard/libc_nano.a(libc_a-msizer.o)
                0x08007998                _malloc_usable_size_r
 .text._sbrk    0x080079a8       0x1c /opt/st/stm32cubeide_1.18.1/plugins/com.st.stm32cube.ide.mcu.externaltools.gnu-tools-for-stm32.13.3.rel1.linux64_1.0.0.202410170706/tools/bin/../lib/gcc/arm-none-eabi/13.3.1/../../../../arm-none-eabi/lib/thumb/v7e-m+fp/hard/libnosys.a(sbrk.o)
                0x080079a8                _sbrk
 *(.glue_7)
 .glue_7        0x080079c4        0x0 linker stubs
 *(.glue_7t)
 .glue_7t       0x080079c4        0x0 linker stubs
 *(.eh_frame)
 .eh_frame      0x080079c4        0x0 /opt/st/stm32cubeide_1.18.1/plugins/com.st.stm32cube.ide.mcu.externaltools.gnu-tools-for-stm32.13.3.rel1.linux64_1.0.0.202410170706/tools/bin/../lib/gcc/arm-none-eabi/13.3.1/thumb/v7e-m+fp/hard/crtbegin.o
 *(.init)
 .init          0x080079c4        0x4 /opt/st/stm32cubeide_1.18.1/plugins/com.st.stm32cube.ide.mcu.externaltools.gnu-tools-for-stm32.13.3.rel1.linux64_1.0.0.202410170706/tools/bin/../lib/gcc/arm-none-eabi/13.3.1/thumb/v7e-m+fp/hard/crti.o
                0x080079c4                _init
 .init          0x080079c8        0x8 /opt/st/stm32cubeide_1.18.1/plugins/com.st.stm32cube.ide.mcu.externaltools.gnu-tools-for-stm32.13.3.rel1.linux64_1.0.0.202410170706/tools/bin/../lib/gcc/arm-none-eabi/13.3.1/thumb/v7e-m+fp/hard/crtn.o
 *(.fini)
 .fini          0x080079d0        0x4 /opt/st/stm32cubeide_1.18.1/plugins/com.st.stm32cube.ide.mcu.externaltools.gnu-tools-for-stm32.13.3.rel1.linux64_1.0.0.202410170706/tools/bin/../lib/gcc/arm-none-eabi/13.3.1/thumb/v7e-m+fp/hard/crti.o
                0x080079d0                _fini
 .fini          0x080079d4        0x8 /opt/st/stm32cubeide_1.18.1/plugins/com.st.stm32cube.ide.mcu.externaltools.gnu-tools-for-stm32.13.3.rel1.linux64_1.0.0.202410170706/tools/bin/../lib/gcc/arm-none-eabi/13.3.1/thumb/v7e-m+fp/hard/crtn.o
                0x080079dc                        . = ALIGN (0x4)
                0x080079dc                        _etext = .

.vfp11_veneer   0x080079dc        0x0
 .vfp11_veneer  0x080079dc        0x0 linker stubs

.v4_bx          0x080079dc        0x0
 .v4_bx         0x080079dc        0x0 linker stubs

.iplt           0x080079dc        0x0
 .iplt          0x080079dc        0x0 /opt/st/stm32cubeide_1.18.1/plugins/com.st.stm32cube.ide.mcu.externaltools.gnu-tools-for-stm32.13.3.rel1.linux64_1.0.0.202410170706/tools/bin/../lib/gcc/arm-none-eabi/13.3.1/thumb/v7e-m+fp/hard/crtbegin.o

.rodata         0x080079dc      0x1c8
                0x080079dc                        . = ALIGN (0x4)
 *(.rodata)
 .rodata        0x080079dc        0x5 ./Common/ThirdParty/FreeRTOS/tasks.o
 *fill*         0x080079e1        0x3 
 .rodata        0x080079e4        0xd ./Common/ThirdParty/FreeRTOS/timers.o
 *fill*         0x080079f1        0x3 
 .rodata        0x080079f4       0x58 ./Common/ThirdParty/SEGGER/OS/SEGGER_SYSVIEW_FreeRTOS.o
 .rodata        0x08007a4c       0x17 ./Common/ThirdParty/SEGGER/SEGGER/SEGGER_RTT.o
 *fill*         0x08007a63        0x1 
 .rodata        0x08007a64        0x8 ./Common/ThirdParty/SEGGER/SEGGER/SEGGER_SYSVIEW.o
 .rodata        0x08007a6c       0x51 ./Common/ThirdParty/SEGGER/config/SEGGER_SYSVIEW_Config_FreeRTOS.o
 *fill*         0x08007abd        0x3 
 .rodata        0x08007ac0       0x6c ./Core/Src/main.o
 *(.rodata*)
 .rodata.uxTopUsedPriority
                0x08007b2c        0x4 ./Common/ThirdParty/FreeRTOS/tasks.o
                0x08007b2c                uxTopUsedPriority
 .rodata.SYSVIEW_X_OS_TraceAPI
                0x08007b30        0x8 ./Common/ThirdParty/SEGGER/OS/SEGGER_SYSVIEW_FreeRTOS.o
                0x08007b30                SYSVIEW_X_OS_TraceAPI
 .rodata._abHelloMsg
                0x08007b38        0x4 ./Common/ThirdParty/SEGGER/Rec/segger_uart.o
 .rodata._abSync
                0x08007b3c        0xa ./Common/ThirdParty/SEGGER/SEGGER/SEGGER_SYSVIEW.o
 *fill*         0x08007b46        0x2 
 .rodata._aV2C.0
                0x08007b48       0x10 ./Common/ThirdParty/SEGGER/SEGGER/SEGGER_SYSVIEW.o
 .rodata.AHBPrescTable
                0x08007b58       0x10 ./Core/Src/system_stm32f4xx.o
                0x08007b58                AHBPrescTable
 .rodata.APBPrescTable
                0x08007b68        0x8 ./Core/Src/system_stm32f4xx.o
                0x08007b68                APBPrescTable
 .rodata._svfprintf_r.str1.1
                0x08007b70       0x33 /opt/st/stm32cubeide_1.18.1/plugins/com.st.stm32cube.ide.mcu.externaltools.gnu-tools-for-stm32.13.3.rel1.linux64_1.0.0.202410170706/tools/bin/../lib/gcc/arm-none-eabi/13.3.1/../../../../arm-none-eabi/lib/thumb/v7e-m+fp/hard/libc_nano.a(libc_a-nano-svfprintf.o)
                                 0x11 (size before relaxing)
 .rodata._printf_i.str1.1
                0x08007ba3       0x22 /opt/st/stm32cubeide_1.18.1/plugins/com.st.stm32cube.ide.mcu.externaltools.gnu-tools-for-stm32.13.3.rel1.linux64_1.0.0.202410170706/tools/bin/../lib/gcc/arm-none-eabi/13.3.1/../../../../arm-none-eabi/lib/thumb/v7e-m+fp/hard/libc_nano.a(libc_a-nano-vfprintf_i.o)
                0x08007bc8                        . = ALIGN (0x4)
 *fill*         0x08007ba3        0x1 

.ARM.extab      0x08007ba4        0x0
                0x08007ba4                        . = ALIGN (0x4)
 *(.ARM.extab* .gnu.linkonce.armextab.*)
                0x08007ba4                        . = ALIGN (0x4)

.ARM            0x08007ba4        0x8
                0x08007ba4                        . = ALIGN (0x4)
                0x08007ba4                        __exidx_start = .
 *(.ARM.exidx*)
 .ARM.exidx     0x08007ba4        0x8 /opt/st/stm32cubeide_1.18.1/plugins/com.st.stm32cube.ide.mcu.externaltools.gnu-tools-for-stm32.13.3.rel1.linux64_1.0.0.202410170706/tools/bin/../lib/gcc/arm-none-eabi/13.3.1/../../../../arm-none-eabi/lib/thumb/v7e-m+fp/hard/libc_nano.a(libc_a-memchr.o)
 .ARM.exidx     0x08007bac        0x0 /opt/st/stm32cubeide_1.18.1/plugins/com.st.stm32cube.ide.mcu.externaltools.gnu-tools-for-stm32.13.3.rel1.linux64_1.0.0.202410170706/tools/bin/../lib/gcc/arm-none-eabi/13.3.1/thumb/v7e-m+fp/hard/libgcc.a(_udivmoddi4.o)
                                  0x8 (size before relaxing)
                0x08007bac                        __exidx_end = .
                0x08007bac                        . = ALIGN (0x4)

.preinit_array  0x08007bac        0x0
                0x08007bac                        . = ALIGN (0x4)
                0x08007bac                        PROVIDE (__preinit_array_start = .)
 *(.preinit_array*)
                0x08007bac                        PROVIDE (__preinit_array_end = .)
                0x08007bac                        . = ALIGN (0x4)

.init_array     0x08007bac        0x4
                0x08007bac                        . = ALIGN (0x4)
                0x08007bac                        PROVIDE (__init_array_start = .)
 *(SORT_BY_NAME(.init_array.*))
 *(.init_array*)
 .init_array    0x08007bac        0x4 /opt/st/stm32cubeide_1.18.1/plugins/com.st.stm32cube.ide.mcu.externaltools.gnu-tools-for-stm32.13.3.rel1.linux64_1.0.0.202410170706/tools/bin/../lib/gcc/arm-none-eabi/13.3.1/thumb/v7e-m+fp/hard/crtbegin.o
                0x08007bb0                        PROVIDE (__init_array_end = .)
                0x08007bb0                        . = ALIGN (0x4)

.fini_array     0x08007bb0        0x4
                0x08007bb0                        . = ALIGN (0x4)
                [!provide]                        PROVIDE (__fini_array_start = .)
 *(SORT_BY_NAME(.fini_array.*))
 *(.fini_array*)
 .fini_array    0x08007bb0        0x4 /opt/st/stm32cubeide_1.18.1/plugins/com.st.stm32cube.ide.mcu.externaltools.gnu-tools-for-stm32.13.3.rel1.linux64_1.0.0.202410170706/tools/bin/../lib/gcc/arm-none-eabi/13.3.1/thumb/v7e-m+fp/hard/crtbegin.o
                [!provide]                        PROVIDE (__fini_array_end = .)
                0x08007bb4                        . = ALIGN (0x4)
                0x08007bb4                        _sidata = LOADADDR (.data)

.rel.dyn        0x08007bb4        0x0
 .rel.iplt      0x08007bb4        0x0 /opt/st/stm32cubeide_1.18.1/plugins/com.st.stm32cube.ide.mcu.externaltools.gnu-tools-for-stm32.13.3.rel1.linux64_1.0.0.202410170706/tools/bin/../lib/gcc/arm-none-eabi/13.3.1/thumb/v7e-m+fp/hard/crtbegin.o

.data           0x20000000       0x68 load address 0x08007bb4
                0x20000000                        . = ALIGN (0x4)
                0x20000000                        _sdata = .
 *(.data)
 *(.data*)
 .data.uxCriticalNesting
                0x20000000        0x4 ./Common/ThirdParty/FreeRTOS/portable/GCC/ARM_CM4F/port.o
 .data._SVInfo  0x20000004        0x8 ./Common/ThirdParty/SEGGER/Rec/segger_uart.o
 .data.SystemCoreClock
                0x2000000c        0x4 ./Core/Src/system_stm32f4xx.o
                0x2000000c                SystemCoreClock
 .data.uwTickPrio
                0x20000010        0x4 ./Drivers/STM32F4xx_HAL_Driver/Src/stm32f4xx_hal.o
                0x20000010                uwTickPrio
 .data.uwTickFreq
                0x20000014        0x1 ./Drivers/STM32F4xx_HAL_Driver/Src/stm32f4xx_hal.o
                0x20000014                uwTickFreq
 *fill*         0x20000015        0x3 
 .data._impure_ptr
                0x20000018        0x4 /opt/st/stm32cubeide_1.18.1/plugins/com.st.stm32cube.ide.mcu.externaltools.gnu-tools-for-stm32.13.3.rel1.linux64_1.0.0.202410170706/tools/bin/../lib/gcc/arm-none-eabi/13.3.1/../../../../arm-none-eabi/lib/thumb/v7e-m+fp/hard/libc_nano.a(libc_a-impure.o)
                0x20000018                _impure_ptr
 .data._impure_data
                0x2000001c       0x4c /opt/st/stm32cubeide_1.18.1/plugins/com.st.stm32cube.ide.mcu.externaltools.gnu-tools-for-stm32.13.3.rel1.linux64_1.0.0.202410170706/tools/bin/../lib/gcc/arm-none-eabi/13.3.1/../../../../arm-none-eabi/lib/thumb/v7e-m+fp/hard/libc_nano.a(libc_a-impure.o)
                0x2000001c                _impure_data
 *(.RamFunc)
 *(.RamFunc*)
                0x20000068                        . = ALIGN (0x4)
                0x20000068                        _edata = .
                0x08007c1c                        _siccmram = LOADADDR (.ccmram)

.igot.plt       0x20000068        0x0 load address 0x08007c1c
 .igot.plt      0x20000068        0x0 /opt/st/stm32cubeide_1.18.1/plugins/com.st.stm32cube.ide.mcu.externaltools.gnu-tools-for-stm32.13.3.rel1.linux64_1.0.0.202410170706/tools/bin/../lib/gcc/arm-none-eabi/13.3.1/thumb/v7e-m+fp/hard/crtbegin.o

.ccmram         0x10000000        0x0 load address 0x08007c1c
                0x10000000                        . = ALIGN (0x4)
                0x10000000                        _sccmram = .
 *(.ccmram)
 *(.ccmram*)
                0x10000000                        . = ALIGN (0x4)
                0x10000000                        _eccmram = .
                0x10000000                        . = ALIGN (0x4)

.bss            0x20000068    0x145d8
                0x20000068                        _sbss = .
                0x20000068                        __bss_start__ = _sbss
 *(.bss)
 .bss           0x20000068       0x1c /opt/st/stm32cubeide_1.18.1/plugins/com.st.stm32cube.ide.mcu.externaltools.gnu-tools-for-stm32.13.3.rel1.linux64_1.0.0.202410170706/tools/bin/../lib/gcc/arm-none-eabi/13.3.1/thumb/v7e-m+fp/hard/crtbegin.o
 *(.bss*)
 .bss.xQueueRegistry
                0x20000084       0x40 ./Common/ThirdParty/FreeRTOS/queue.o
                0x20000084                xQueueRegistry
 .bss.pxCurrentTCB
                0x200000c4        0x4 ./Common/ThirdParty/FreeRTOS/tasks.o
                0x200000c4                pxCurrentTCB
 .bss.pxReadyTasksLists
                0x200000c8       0x64 ./Common/ThirdParty/FreeRTOS/tasks.o
 .bss.xDelayedTaskList1
                0x2000012c       0x14 ./Common/ThirdParty/FreeRTOS/tasks.o
 .bss.xDelayedTaskList2
                0x20000140       0x14 ./Common/ThirdParty/FreeRTOS/tasks.o
 .bss.pxDelayedTaskList
                0x20000154        0x4 ./Common/ThirdParty/FreeRTOS/tasks.o
 .bss.pxOverflowDelayedTaskList
                0x20000158        0x4 ./Common/ThirdParty/FreeRTOS/tasks.o
 .bss.xPendingReadyList
                0x2000015c       0x14 ./Common/ThirdParty/FreeRTOS/tasks.o
 .bss.xTasksWaitingTermination
                0x20000170       0x14 ./Common/ThirdParty/FreeRTOS/tasks.o
 .bss.uxDeletedTasksWaitingCleanUp
                0x20000184        0x4 ./Common/ThirdParty/FreeRTOS/tasks.o
 .bss.xSuspendedTaskList
                0x20000188       0x14 ./Common/ThirdParty/FreeRTOS/tasks.o
 .bss.uxCurrentNumberOfTasks
                0x2000019c        0x4 ./Common/ThirdParty/FreeRTOS/tasks.o
 .bss.xTickCount
                0x200001a0        0x4 ./Common/ThirdParty/FreeRTOS/tasks.o
 .bss.uxTopReadyPriority
                0x200001a4        0x4 ./Common/ThirdParty/FreeRTOS/tasks.o
 .bss.xSchedulerRunning
                0x200001a8        0x4 ./Common/ThirdParty/FreeRTOS/tasks.o
 .bss.xPendedTicks
                0x200001ac        0x4 ./Common/ThirdParty/FreeRTOS/tasks.o
 .bss.xYieldPending
                0x200001b0        0x4 ./Common/ThirdParty/FreeRTOS/tasks.o
 .bss.xNumOfOverflows
                0x200001b4        0x4 ./Common/ThirdParty/FreeRTOS/tasks.o
 .bss.uxTaskNumber
                0x200001b8        0x4 ./Common/ThirdParty/FreeRTOS/tasks.o
 .bss.xNextTaskUnblockTime
                0x200001bc        0x4 ./Common/ThirdParty/FreeRTOS/tasks.o
 .bss.xIdleTaskHandle
                0x200001c0        0x4 ./Common/ThirdParty/FreeRTOS/tasks.o
 .bss.uxSchedulerSuspended
                0x200001c4        0x4 ./Common/ThirdParty/FreeRTOS/tasks.o
 .bss.xActiveTimerList1
                0x200001c8       0x14 ./Common/ThirdParty/FreeRTOS/timers.o
 .bss.xActiveTimerList2
                0x200001dc       0x14 ./Common/ThirdParty/FreeRTOS/timers.o
 .bss.pxCurrentTimerList
                0x200001f0        0x4 ./Common/ThirdParty/FreeRTOS/timers.o
 .bss.pxOverflowTimerList
                0x200001f4        0x4 ./Common/ThirdParty/FreeRTOS/timers.o
 .bss.xTimerQueue
                0x200001f8        0x4 ./Common/ThirdParty/FreeRTOS/timers.o
 .bss.xTimerTaskHandle
                0x200001fc        0x4 ./Common/ThirdParty/FreeRTOS/timers.o
 .bss.xLastTime.0
                0x20000200        0x4 ./Common/ThirdParty/FreeRTOS/timers.o
 .bss.ucMaxSysCallPriority
                0x20000204        0x1 ./Common/ThirdParty/FreeRTOS/portable/GCC/ARM_CM4F/port.o
 *fill*         0x20000205        0x3 
 .bss.ulMaxPRIGROUPValue
                0x20000208        0x4 ./Common/ThirdParty/FreeRTOS/portable/GCC/ARM_CM4F/port.o
 .bss.ucHeap    0x2000020c    0x12c00 ./Common/ThirdParty/FreeRTOS/portable/MemMang/heap_4.o
 .bss.xStart    0x20012e0c        0x8 ./Common/ThirdParty/FreeRTOS/portable/MemMang/heap_4.o
 .bss.pxEnd     0x20012e14        0x4 ./Common/ThirdParty/FreeRTOS/portable/MemMang/heap_4.o
 .bss.xFreeBytesRemaining
                0x20012e18        0x4 ./Common/ThirdParty/FreeRTOS/portable/MemMang/heap_4.o
 .bss.xMinimumEverFreeBytesRemaining
                0x20012e1c        0x4 ./Common/ThirdParty/FreeRTOS/portable/MemMang/heap_4.o
 .bss.xNumberOfSuccessfulAllocations
                0x20012e20        0x4 ./Common/ThirdParty/FreeRTOS/portable/MemMang/heap_4.o
 .bss.xNumberOfSuccessfulFrees
                0x20012e24        0x4 ./Common/ThirdParty/FreeRTOS/portable/MemMang/heap_4.o
 .bss._aTasks   0x20012e28       0xa0 ./Common/ThirdParty/SEGGER/OS/SEGGER_SYSVIEW_FreeRTOS.o
 .bss._NumTasks
                0x20012ec8        0x4 ./Common/ThirdParty/SEGGER/OS/SEGGER_SYSVIEW_FreeRTOS.o
 .bss._cbOnRx   0x20012ecc        0x4 ./Common/ThirdParty/SEGGER/Rec/segger_uart.o
 .bss._cbOnTx   0x20012ed0        0x4 ./Common/ThirdParty/SEGGER/Rec/segger_uart.o
 .bss._SEGGER_RTT
                0x20012ed4       0xa8 ./Common/ThirdParty/SEGGER/SEGGER/SEGGER_RTT.o
                0x20012ed4                _SEGGER_RTT
 .bss._acUpBuffer
                0x20012f7c      0x400 ./Common/ThirdParty/SEGGER/SEGGER/SEGGER_RTT.o
 .bss._acDownBuffer
                0x2001337c       0x10 ./Common/ThirdParty/SEGGER/SEGGER/SEGGER_RTT.o
 .bss._UpBuffer
                0x2001338c     0x1000 ./Common/ThirdParty/SEGGER/SEGGER/SEGGER_SYSVIEW.o
 .bss._DownBuffer
                0x2001438c        0x8 ./Common/ThirdParty/SEGGER/SEGGER/SEGGER_SYSVIEW.o
 .bss._SYSVIEW_Globals
                0x20014394       0x28 ./Common/ThirdParty/SEGGER/SEGGER/SEGGER_SYSVIEW.o
 .bss._pFirstModule
                0x200143bc        0x4 ./Common/ThirdParty/SEGGER/SEGGER/SEGGER_SYSVIEW.o
 .bss._NumModules
                0x200143c0        0x1 ./Common/ThirdParty/SEGGER/SEGGER/SEGGER_SYSVIEW.o
 *fill*         0x200143c1        0x3 
 .bss._aPacket  0x200143c4       0xe3 ./Common/ThirdParty/SEGGER/SEGGER/SEGGER_SYSVIEW.o
 *fill*         0x200144a7        0x1 
 .bss.htim6     0x200144a8       0x48 ./Core/Src/stm32f4xx_hal_timebase_tim.o
                0x200144a8                htim6
 .bss.uwTick    0x200144f0        0x4 ./Drivers/STM32F4xx_HAL_Driver/Src/stm32f4xx_hal.o
                0x200144f0                uwTick
 .bss.__sf      0x200144f4      0x138 /opt/st/stm32cubeide_1.18.1/plugins/com.st.stm32cube.ide.mcu.externaltools.gnu-tools-for-stm32.13.3.rel1.linux64_1.0.0.202410170706/tools/bin/../lib/gcc/arm-none-eabi/13.3.1/../../../../arm-none-eabi/lib/thumb/v7e-m+fp/hard/libc_nano.a(libc_a-findfp.o)
                0x200144f4                __sf
 .bss.errno     0x2001462c        0x4 /opt/st/stm32cubeide_1.18.1/plugins/com.st.stm32cube.ide.mcu.externaltools.gnu-tools-for-stm32.13.3.rel1.linux64_1.0.0.202410170706/tools/bin/../lib/gcc/arm-none-eabi/13.3.1/../../../../arm-none-eabi/lib/thumb/v7e-m+fp/hard/libc_nano.a(libc_a-reent.o)
                0x2001462c                errno
 .bss.__lock___malloc_recursive_mutex
                0x20014630        0x1 /opt/st/stm32cubeide_1.18.1/plugins/com.st.stm32cube.ide.mcu.externaltools.gnu-tools-for-stm32.13.3.rel1.linux64_1.0.0.202410170706/tools/bin/../lib/gcc/arm-none-eabi/13.3.1/../../../../arm-none-eabi/lib/thumb/v7e-m+fp/hard/libc_nano.a(libc_a-lock.o)
                0x20014630                __lock___malloc_recursive_mutex
 *fill*         0x20014631        0x3 
 .bss.__malloc_sbrk_start
                0x20014634        0x4 /opt/st/stm32cubeide_1.18.1/plugins/com.st.stm32cube.ide.mcu.externaltools.gnu-tools-for-stm32.13.3.rel1.linux64_1.0.0.202410170706/tools/bin/../lib/gcc/arm-none-eabi/13.3.1/../../../../arm-none-eabi/lib/thumb/v7e-m+fp/hard/libc_nano.a(libc_a-mallocr.o)
                0x20014634                __malloc_sbrk_start
 .bss.__malloc_free_list
                0x20014638        0x4 /opt/st/stm32cubeide_1.18.1/plugins/com.st.stm32cube.ide.mcu.externaltools.gnu-tools-for-stm32.13.3.rel1.linux64_1.0.0.202410170706/tools/bin/../lib/gcc/arm-none-eabi/13.3.1/../../../../arm-none-eabi/lib/thumb/v7e-m+fp/hard/libc_nano.a(libc_a-mallocr.o)
                0x20014638                __malloc_free_list
 .bss.heap_end.0
                0x2001463c        0x4 /opt/st/stm32cubeide_1.18.1/plugins/com.st.stm32cube.ide.mcu.externaltools.gnu-tools-for-stm32.13.3.rel1.linux64_1.0.0.202410170706/tools/bin/../lib/gcc/arm-none-eabi/13.3.1/../../../../arm-none-eabi/lib/thumb/v7e-m+fp/hard/libnosys.a(sbrk.o)
 *(COMMON)
                0x20014640                        . = ALIGN (0x4)
                0x20014640                        _ebss = .
                0x20014640                        __bss_end__ = _ebss

._user_heap_stack
                0x20014640      0x600
                0x20014640                        . = ALIGN (0x8)
                0x20014640                        PROVIDE (end = .)
                [!provide]                        PROVIDE (_end = .)
                0x20014840                        . = (. + _Min_Heap_Size)
 *fill*         0x20014640      0x200 
                0x20014c40                        . = (. + _Min_Stack_Size)
 *fill*         0x20014840      0x400 
                0x20014c40                        . = ALIGN (0x8)

/DISCARD/
 libc.a(*)
 libm.a(*)
 libgcc.a(*)

.ARM.attributes
                0x00000000       0x30
 *(.ARM.attributes)
 .ARM.attributes
                0x00000000       0x22 /opt/st/stm32cubeide_1.18.1/plugins/com.st.stm32cube.ide.mcu.externaltools.gnu-tools-for-stm32.13.3.rel1.linux64_1.0.0.202410170706/tools/bin/../lib/gcc/arm-none-eabi/13.3.1/thumb/v7e-m+fp/hard/crti.o
 .ARM.attributes
                0x00000022       0x34 /opt/st/stm32cubeide_1.18.1/plugins/com.st.stm32cube.ide.mcu.externaltools.gnu-tools-for-stm32.13.3.rel1.linux64_1.0.0.202410170706/tools/bin/../lib/gcc/arm-none-eabi/13.3.1/thumb/v7e-m+fp/hard/crtbegin.o
 .ARM.attributes
                0x00000056       0x34 ./Common/ThirdParty/FreeRTOS/list.o
 .ARM.attributes
                0x0000008a       0x34 ./Common/ThirdParty/FreeRTOS/queue.o
 .ARM.attributes
                0x000000be       0x34 ./Common/ThirdParty/FreeRTOS/tasks.o
 .ARM.attributes
                0x000000f2       0x34 ./Common/ThirdParty/FreeRTOS/timers.o
 .ARM.attributes
                0x00000126       0x34 ./Common/ThirdParty/FreeRTOS/portable/GCC/ARM_CM4F/port.o
 .ARM.attributes
                0x0000015a       0x34 ./Common/ThirdParty/FreeRTOS/portable/MemMang/heap_4.o
 .ARM.attributes
                0x0000018e       0x34 ./Common/ThirdParty/SEGGER/OS/SEGGER_SYSVIEW_FreeRTOS.o
 .ARM.attributes
                0x000001c2       0x34 ./Common/ThirdParty/SEGGER/Rec/segger_uart.o
 .ARM.attributes
                0x000001f6       0x34 ./Common/ThirdParty/SEGGER/SEGGER/SEGGER_RTT.o
 .ARM.attributes
                0x0000022a       0x20 ./Common/ThirdParty/SEGGER/SEGGER/SEGGER_RTT_ASM_ARMv7M.o
 .ARM.attributes
                0x0000024a       0x34 ./Common/ThirdParty/SEGGER/SEGGER/SEGGER_SYSVIEW.o
 .ARM.attributes
                0x0000027e       0x34 ./Common/ThirdParty/SEGGER/config/SEGGER_SYSVIEW_Config_FreeRTOS.o
 .ARM.attributes
                0x000002b2       0x34 ./Core/Src/main.o
 .ARM.attributes
                0x000002e6       0x34 ./Core/Src/stm32f4xx_hal_msp.o
 .ARM.attributes
                0x0000031a       0x34 ./Core/Src/stm32f4xx_hal_timebase_tim.o
 .ARM.attributes
                0x0000034e       0x34 ./Core/Src/stm32f4xx_it.o
 .ARM.attributes
                0x00000382       0x34 ./Core/Src/system_stm32f4xx.o
 .ARM.attributes
                0x000003b6       0x21 ./Core/Startup/startup_stm32f407vgtx.o
 .ARM.attributes
                0x000003d7       0x34 ./Drivers/STM32F4xx_HAL_Driver/Src/stm32f4xx_hal.o
 .ARM.attributes
                0x0000040b       0x34 ./Drivers/STM32F4xx_HAL_Driver/Src/stm32f4xx_hal_cortex.o
 .ARM.attributes
                0x0000043f       0x34 ./Drivers/STM32F4xx_HAL_Driver/Src/stm32f4xx_hal_gpio.o
 .ARM.attributes
                0x00000473       0x34 ./Drivers/STM32F4xx_HAL_Driver/Src/stm32f4xx_hal_rcc.o
 .ARM.attributes
                0x000004a7       0x34 ./Drivers/STM32F4xx_HAL_Driver/Src/stm32f4xx_hal_tim.o
 .ARM.attributes
                0x000004db       0x34 ./Drivers/STM32F4xx_HAL_Driver/Src/stm32f4xx_hal_tim_ex.o
 .ARM.attributes
                0x0000050f       0x34 /opt/st/stm32cubeide_1.18.1/plugins/com.st.stm32cube.ide.mcu.externaltools.gnu-tools-for-stm32.13.3.rel1.linux64_1.0.0.202410170706/tools/bin/../lib/gcc/arm-none-eabi/13.3.1/../../../../arm-none-eabi/lib/thumb/v7e-m+fp/hard/libc_nano.a(libc_a-findfp.o)
 .ARM.attributes
                0x00000543       0x34 /opt/st/stm32cubeide_1.18.1/plugins/com.st.stm32cube.ide.mcu.externaltools.gnu-tools-for-stm32.13.3.rel1.linux64_1.0.0.202410170706/tools/bin/../lib/gcc/arm-none-eabi/13.3.1/../../../../arm-none-eabi/lib/thumb/v7e-m+fp/hard/libc_nano.a(libc_a-snprintf.o)
 .ARM.attributes
                0x00000577       0x34 /opt/st/stm32cubeide_1.18.1/plugins/com.st.stm32cube.ide.mcu.externaltools.gnu-tools-for-stm32.13.3.rel1.linux64_1.0.0.202410170706/tools/bin/../lib/gcc/arm-none-eabi/13.3.1/../../../../arm-none-eabi/lib/thumb/v7e-m+fp/hard/libc_nano.a(libc_a-memcmp.o)
 .ARM.attributes
                0x000005ab       0x34 /opt/st/stm32cubeide_1.18.1/plugins/com.st.stm32cube.ide.mcu.externaltools.gnu-tools-for-stm32.13.3.rel1.linux64_1.0.0.202410170706/tools/bin/../lib/gcc/arm-none-eabi/13.3.1/../../../../arm-none-eabi/lib/thumb/v7e-m+fp/hard/libc_nano.a(libc_a-memset.o)
 .ARM.attributes
                0x000005df       0x34 /opt/st/stm32cubeide_1.18.1/plugins/com.st.stm32cube.ide.mcu.externaltools.gnu-tools-for-stm32.13.3.rel1.linux64_1.0.0.202410170706/tools/bin/../lib/gcc/arm-none-eabi/13.3.1/../../../../arm-none-eabi/lib/thumb/v7e-m+fp/hard/libc_nano.a(libc_a-reent.o)
 .ARM.attributes
                0x00000613       0x34 /opt/st/stm32cubeide_1.18.1/plugins/com.st.stm32cube.ide.mcu.externaltools.gnu-tools-for-stm32.13.3.rel1.linux64_1.0.0.202410170706/tools/bin/../lib/gcc/arm-none-eabi/13.3.1/../../../../arm-none-eabi/lib/thumb/v7e-m+fp/hard/libc_nano.a(libc_a-impure.o)
 .ARM.attributes
                0x00000647       0x34 /opt/st/stm32cubeide_1.18.1/plugins/com.st.stm32cube.ide.mcu.externaltools.gnu-tools-for-stm32.13.3.rel1.linux64_1.0.0.202410170706/tools/bin/../lib/gcc/arm-none-eabi/13.3.1/../../../../arm-none-eabi/lib/thumb/v7e-m+fp/hard/libc_nano.a(libc_a-init.o)
 .ARM.attributes
                0x0000067b       0x34 /opt/st/stm32cubeide_1.18.1/plugins/com.st.stm32cube.ide.mcu.externaltools.gnu-tools-for-stm32.13.3.rel1.linux64_1.0.0.202410170706/tools/bin/../lib/gcc/arm-none-eabi/13.3.1/../../../../arm-none-eabi/lib/thumb/v7e-m+fp/hard/libc_nano.a(libc_a-lock.o)
 .ARM.attributes
                0x000006af       0x34 /opt/st/stm32cubeide_1.18.1/plugins/com.st.stm32cube.ide.mcu.externaltools.gnu-tools-for-stm32.13.3.rel1.linux64_1.0.0.202410170706/tools/bin/../lib/gcc/arm-none-eabi/13.3.1/../../../../arm-none-eabi/lib/thumb/v7e-m+fp/hard/libc_nano.a(libc_a-memcpy-stub.o)
 .ARM.attributes
                0x000006e3       0x34 /opt/st/stm32cubeide_1.18.1/plugins/com.st.stm32cube.ide.mcu.externaltools.gnu-tools-for-stm32.13.3.rel1.linux64_1.0.0.202410170706/tools/bin/../lib/gcc/arm-none-eabi/13.3.1/../../../../arm-none-eabi/lib/thumb/v7e-m+fp/hard/libc_nano.a(libc_a-freer.o)
 .ARM.attributes
                0x00000717       0x34 /opt/st/stm32cubeide_1.18.1/plugins/com.st.stm32cube.ide.mcu.externaltools.gnu-tools-for-stm32.13.3.rel1.linux64_1.0.0.202410170706/tools/bin/../lib/gcc/arm-none-eabi/13.3.1/../../../../arm-none-eabi/lib/thumb/v7e-m+fp/hard/libc_nano.a(libc_a-mallocr.o)
 .ARM.attributes
                0x0000074b       0x34 /opt/st/stm32cubeide_1.18.1/plugins/com.st.stm32cube.ide.mcu.externaltools.gnu-tools-for-stm32.13.3.rel1.linux64_1.0.0.202410170706/tools/bin/../lib/gcc/arm-none-eabi/13.3.1/../../../../arm-none-eabi/lib/thumb/v7e-m+fp/hard/libc_nano.a(libc_a-mlock.o)
 .ARM.attributes
                0x0000077f       0x34 /opt/st/stm32cubeide_1.18.1/plugins/com.st.stm32cube.ide.mcu.externaltools.gnu-tools-for-stm32.13.3.rel1.linux64_1.0.0.202410170706/tools/bin/../lib/gcc/arm-none-eabi/13.3.1/../../../../arm-none-eabi/lib/thumb/v7e-m+fp/hard/libc_nano.a(libc_a-nano-svfprintf.o)
 .ARM.attributes
                0x000007b3       0x34 /opt/st/stm32cubeide_1.18.1/plugins/com.st.stm32cube.ide.mcu.externaltools.gnu-tools-for-stm32.13.3.rel1.linux64_1.0.0.202410170706/tools/bin/../lib/gcc/arm-none-eabi/13.3.1/../../../../arm-none-eabi/lib/thumb/v7e-m+fp/hard/libc_nano.a(libc_a-nano-vfprintf_i.o)
 .ARM.attributes
                0x000007e7       0x34 /opt/st/stm32cubeide_1.18.1/plugins/com.st.stm32cube.ide.mcu.externaltools.gnu-tools-for-stm32.13.3.rel1.linux64_1.0.0.202410170706/tools/bin/../lib/gcc/arm-none-eabi/13.3.1/../../../../arm-none-eabi/lib/thumb/v7e-m+fp/hard/libc_nano.a(libc_a-memmove.o)
 .ARM.attributes
                0x0000081b       0x34 /opt/st/stm32cubeide_1.18.1/plugins/com.st.stm32cube.ide.mcu.externaltools.gnu-tools-for-stm32.13.3.rel1.linux64_1.0.0.202410170706/tools/bin/../lib/gcc/arm-none-eabi/13.3.1/../../../../arm-none-eabi/lib/thumb/v7e-m+fp/hard/libc_nano.a(libc_a-sbrkr.o)
 .ARM.attributes
                0x0000084f       0x1c /opt/st/stm32cubeide_1.18.1/plugins/com.st.stm32cube.ide.mcu.externaltools.gnu-tools-for-stm32.13.3.rel1.linux64_1.0.0.202410170706/tools/bin/../lib/gcc/arm-none-eabi/13.3.1/../../../../arm-none-eabi/lib/thumb/v7e-m+fp/hard/libc_nano.a(libc_a-memchr.o)
 .ARM.attributes
                0x0000086b       0x34 /opt/st/stm32cubeide_1.18.1/plugins/com.st.stm32cube.ide.mcu.externaltools.gnu-tools-for-stm32.13.3.rel1.linux64_1.0.0.202410170706/tools/bin/../lib/gcc/arm-none-eabi/13.3.1/../../../../arm-none-eabi/lib/thumb/v7e-m+fp/hard/libc_nano.a(libc_a-reallocr.o)
 .ARM.attributes
                0x0000089f       0x34 /opt/st/stm32cubeide_1.18.1/plugins/com.st.stm32cube.ide.mcu.externaltools.gnu-tools-for-stm32.13.3.rel1.linux64_1.0.0.202410170706/tools/bin/../lib/gcc/arm-none-eabi/13.3.1/../../../../arm-none-eabi/lib/thumb/v7e-m+fp/hard/libc_nano.a(libc_a-msizer.o)
 .ARM.attributes
                0x000008d3       0x22 /opt/st/stm32cubeide_1.18.1/plugins/com.st.stm32cube.ide.mcu.externaltools.gnu-tools-for-stm32.13.3.rel1.linux64_1.0.0.202410170706/tools/bin/../lib/gcc/arm-none-eabi/13.3.1/thumb/v7e-m+fp/hard/libgcc.a(_aeabi_uldivmod.o)
 .ARM.attributes
                0x000008f5       0x34 /opt/st/stm32cubeide_1.18.1/plugins/com.st.stm32cube.ide.mcu.externaltools.gnu-tools-for-stm32.13.3.rel1.linux64_1.0.0.202410170706/tools/bin/../lib/gcc/arm-none-eabi/13.3.1/thumb/v7e-m+fp/hard/libgcc.a(_udivmoddi4.o)
 .ARM.attributes
                0x00000929       0x22 /opt/st/stm32cubeide_1.18.1/plugins/com.st.stm32cube.ide.mcu.externaltools.gnu-tools-for-stm32.13.3.rel1.linux64_1.0.0.202410170706/tools/bin/../lib/gcc/arm-none-eabi/13.3.1/thumb/v7e-m+fp/hard/libgcc.a(_dvmd_tls.o)
 .ARM.attributes
                0x0000094b       0x34 /opt/st/stm32cubeide_1.18.1/plugins/com.st.stm32cube.ide.mcu.externaltools.gnu-tools-for-stm32.13.3.rel1.linux64_1.0.0.202410170706/tools/bin/../lib/gcc/arm-none-eabi/13.3.1/../../../../arm-none-eabi/lib/thumb/v7e-m+fp/hard/libnosys.a(sbrk.o)
 .ARM.attributes
                0x0000097f       0x22 /opt/st/stm32cubeide_1.18.1/plugins/com.st.stm32cube.ide.mcu.externaltools.gnu-tools-for-stm32.13.3.rel1.linux64_1.0.0.202410170706/tools/bin/../lib/gcc/arm-none-eabi/13.3.1/thumb/v7e-m+fp/hard/crtn.o
OUTPUT(LED.elf elf32-littlearm)
LOAD linker stubs
LOAD /opt/st/stm32cubeide_1.18.1/plugins/com.st.stm32cube.ide.mcu.externaltools.gnu-tools-for-stm32.13.3.rel1.linux64_1.0.0.202410170706/tools/bin/../lib/gcc/arm-none-eabi/13.3.1/../../../../arm-none-eabi/lib/thumb/v7e-m+fp/hard/libc.a
LOAD /opt/st/stm32cubeide_1.18.1/plugins/com.st.stm32cube.ide.mcu.externaltools.gnu-tools-for-stm32.13.3.rel1.linux64_1.0.0.202410170706/tools/bin/../lib/gcc/arm-none-eabi/13.3.1/../../../../arm-none-eabi/lib/thumb/v7e-m+fp/hard/libm.a
LOAD /opt/st/stm32cubeide_1.18.1/plugins/com.st.stm32cube.ide.mcu.externaltools.gnu-tools-for-stm32.13.3.rel1.linux64_1.0.0.202410170706/tools/bin/../lib/gcc/arm-none-eabi/13.3.1/thumb/v7e-m+fp/hard/libgcc.a

.debug_info     0x00000000    0x13fe3
 .debug_info    0x00000000      0x2af ./Common/ThirdParty/FreeRTOS/list.o
 .debug_info    0x000002af     0x18ec ./Common/ThirdParty/FreeRTOS/queue.o
 .debug_info    0x00001b9b     0x2593 ./Common/ThirdParty/FreeRTOS/tasks.o
 .debug_info    0x0000412e      0xe20 ./Common/ThirdParty/FreeRTOS/timers.o
 .debug_info    0x00004f4e      0x59d ./Common/ThirdParty/FreeRTOS/portable/GCC/ARM_CM4F/port.o
 .debug_info    0x000054eb      0x523 ./Common/ThirdParty/FreeRTOS/portable/MemMang/heap_4.o
 .debug_info    0x00005a0e      0x411 ./Common/ThirdParty/SEGGER/OS/SEGGER_SYSVIEW_FreeRTOS.o
 .debug_info    0x00005e1f      0x8a4 ./Common/ThirdParty/SEGGER/Rec/segger_uart.o
 .debug_info    0x000066c3     0x13d7 ./Common/ThirdParty/SEGGER/SEGGER/SEGGER_RTT.o
 .debug_info    0x00007a9a       0x25 ./Common/ThirdParty/SEGGER/SEGGER/SEGGER_RTT_ASM_ARMv7M.o
 .debug_info    0x00007abf     0x3524 ./Common/ThirdParty/SEGGER/SEGGER/SEGGER_SYSVIEW.o
 .debug_info    0x0000afe3      0x173 ./Common/ThirdParty/SEGGER/config/SEGGER_SYSVIEW_Config_FreeRTOS.o
 .debug_info    0x0000b156      0xf80 ./Core/Src/main.o
 .debug_info    0x0000c0d6      0x278 ./Core/Src/stm32f4xx_hal_msp.o
 .debug_info    0x0000c34e      0xbee ./Core/Src/stm32f4xx_hal_timebase_tim.o
 .debug_info    0x0000cf3c      0x6ab ./Core/Src/stm32f4xx_it.o
 .debug_info    0x0000d5e7      0x512 ./Core/Src/system_stm32f4xx.o
 .debug_info    0x0000daf9       0x30 ./Core/Startup/startup_stm32f407vgtx.o
 .debug_info    0x0000db29      0x944 ./Drivers/STM32F4xx_HAL_Driver/Src/stm32f4xx_hal.o
 .debug_info    0x0000e46d      0xd8c ./Drivers/STM32F4xx_HAL_Driver/Src/stm32f4xx_hal_cortex.o
 .debug_info    0x0000f1f9      0x6c3 ./Drivers/STM32F4xx_HAL_Driver/Src/stm32f4xx_hal_gpio.o
 .debug_info    0x0000f8bc      0x8af ./Drivers/STM32F4xx_HAL_Driver/Src/stm32f4xx_hal_rcc.o
 .debug_info    0x0001016b     0x299d ./Drivers/STM32F4xx_HAL_Driver/Src/stm32f4xx_hal_tim.o
 .debug_info    0x00012b08     0x14db ./Drivers/STM32F4xx_HAL_Driver/Src/stm32f4xx_hal_tim_ex.o

.debug_abbrev   0x00000000     0x3163
 .debug_abbrev  0x00000000       0xf5 ./Common/ThirdParty/FreeRTOS/list.o
 .debug_abbrev  0x000000f5      0x321 ./Common/ThirdParty/FreeRTOS/queue.o
 .debug_abbrev  0x00000416      0x3b0 ./Common/ThirdParty/FreeRTOS/tasks.o
 .debug_abbrev  0x000007c6      0x2cb ./Common/ThirdParty/FreeRTOS/timers.o
 .debug_abbrev  0x00000a91      0x25a ./Common/ThirdParty/FreeRTOS/portable/GCC/ARM_CM4F/port.o
 .debug_abbrev  0x00000ceb      0x256 ./Common/ThirdParty/FreeRTOS/portable/MemMang/heap_4.o
 .debug_abbrev  0x00000f41      0x1a4 ./Common/ThirdParty/SEGGER/OS/SEGGER_SYSVIEW_FreeRTOS.o
 .debug_abbrev  0x000010e5      0x28c ./Common/ThirdParty/SEGGER/Rec/segger_uart.o
 .debug_abbrev  0x00001371      0x258 ./Common/ThirdParty/SEGGER/SEGGER/SEGGER_RTT.o
 .debug_abbrev  0x000015c9       0x14 ./Common/ThirdParty/SEGGER/SEGGER/SEGGER_RTT_ASM_ARMv7M.o
 .debug_abbrev  0x000015dd      0x349 ./Common/ThirdParty/SEGGER/SEGGER/SEGGER_SYSVIEW.o
 .debug_abbrev  0x00001926       0xdf ./Common/ThirdParty/SEGGER/config/SEGGER_SYSVIEW_Config_FreeRTOS.o
 .debug_abbrev  0x00001a05      0x30d ./Core/Src/main.o
 .debug_abbrev  0x00001d12       0xeb ./Core/Src/stm32f4xx_hal_msp.o
 .debug_abbrev  0x00001dfd      0x1f4 ./Core/Src/stm32f4xx_hal_timebase_tim.o
 .debug_abbrev  0x00001ff1      0x17d ./Core/Src/stm32f4xx_it.o
 .debug_abbrev  0x0000216e      0x11a ./Core/Src/system_stm32f4xx.o
 .debug_abbrev  0x00002288       0x24 ./Core/Startup/startup_stm32f407vgtx.o
 .debug_abbrev  0x000022ac      0x214 ./Drivers/STM32F4xx_HAL_Driver/Src/stm32f4xx_hal.o
 .debug_abbrev  0x000024c0      0x31d ./Drivers/STM32F4xx_HAL_Driver/Src/stm32f4xx_hal_cortex.o
 .debug_abbrev  0x000027dd      0x1d4 ./Drivers/STM32F4xx_HAL_Driver/Src/stm32f4xx_hal_gpio.o
 .debug_abbrev  0x000029b1      0x2b7 ./Drivers/STM32F4xx_HAL_Driver/Src/stm32f4xx_hal_rcc.o
 .debug_abbrev  0x00002c68      0x278 ./Drivers/STM32F4xx_HAL_Driver/Src/stm32f4xx_hal_tim.o
 .debug_abbrev  0x00002ee0      0x283 ./Drivers/STM32F4xx_HAL_Driver/Src/stm32f4xx_hal_tim_ex.o

.debug_aranges  0x00000000     0x1378
 .debug_aranges
                0x00000000       0x40 ./Common/ThirdParty/FreeRTOS/list.o
 .debug_aranges
                0x00000040      0x130 ./Common/ThirdParty/FreeRTOS/queue.o
 .debug_aranges
                0x00000170      0x208 ./Common/ThirdParty/FreeRTOS/tasks.o
 .debug_aranges
                0x00000378       0xe8 ./Common/ThirdParty/FreeRTOS/timers.o
 .debug_aranges
                0x00000460       0x88 ./Common/ThirdParty/FreeRTOS/portable/GCC/ARM_CM4F/port.o
 .debug_aranges
                0x000004e8       0x60 ./Common/ThirdParty/FreeRTOS/portable/MemMang/heap_4.o
 .debug_aranges
                0x00000548       0x48 ./Common/ThirdParty/SEGGER/OS/SEGGER_SYSVIEW_FreeRTOS.o
 .debug_aranges
                0x00000590       0x68 ./Common/ThirdParty/SEGGER/Rec/segger_uart.o
 .debug_aranges
                0x000005f8      0x138 ./Common/ThirdParty/SEGGER/SEGGER/SEGGER_RTT.o
 .debug_aranges
                0x00000730       0x20 ./Common/ThirdParty/SEGGER/SEGGER/SEGGER_RTT_ASM_ARMv7M.o
 .debug_aranges
                0x00000750      0x280 ./Common/ThirdParty/SEGGER/SEGGER/SEGGER_SYSVIEW.o
 .debug_aranges
                0x000009d0       0x28 ./Common/ThirdParty/SEGGER/config/SEGGER_SYSVIEW_Config_FreeRTOS.o
 .debug_aranges
                0x000009f8       0x58 ./Core/Src/main.o
 .debug_aranges
                0x00000a50       0x20 ./Core/Src/stm32f4xx_hal_msp.o
 .debug_aranges
                0x00000a70       0x30 ./Core/Src/stm32f4xx_hal_timebase_tim.o
 .debug_aranges
                0x00000aa0       0x50 ./Core/Src/stm32f4xx_it.o
 .debug_aranges
                0x00000af0       0x28 ./Core/Src/system_stm32f4xx.o
 .debug_aranges
                0x00000b18       0x28 ./Core/Startup/startup_stm32f407vgtx.o
 .debug_aranges
                0x00000b40       0xf0 ./Drivers/STM32F4xx_HAL_Driver/Src/stm32f4xx_hal.o
 .debug_aranges
                0x00000c30      0x130 ./Drivers/STM32F4xx_HAL_Driver/Src/stm32f4xx_hal_cortex.o
 .debug_aranges
                0x00000d60       0x58 ./Drivers/STM32F4xx_HAL_Driver/Src/stm32f4xx_hal_gpio.o
 .debug_aranges
                0x00000db8       0x88 ./Drivers/STM32F4xx_HAL_Driver/Src/stm32f4xx_hal_rcc.o
 .debug_aranges
                0x00000e40      0x3d0 ./Drivers/STM32F4xx_HAL_Driver/Src/stm32f4xx_hal_tim.o
 .debug_aranges
                0x00001210      0x168 ./Drivers/STM32F4xx_HAL_Driver/Src/stm32f4xx_hal_tim_ex.o

.debug_rnglists
                0x00000000      0xef2
 .debug_rnglists
                0x00000000       0x2b ./Common/ThirdParty/FreeRTOS/list.o
 .debug_rnglists
                0x0000002b       0xec ./Common/ThirdParty/FreeRTOS/queue.o
 .debug_rnglists
                0x00000117      0x1a1 ./Common/ThirdParty/FreeRTOS/tasks.o
 .debug_rnglists
                0x000002b8       0xad ./Common/ThirdParty/FreeRTOS/timers.o
 .debug_rnglists
                0x00000365       0x64 ./Common/ThirdParty/FreeRTOS/portable/GCC/ARM_CM4F/port.o
 .debug_rnglists
                0x000003c9       0x48 ./Common/ThirdParty/FreeRTOS/portable/MemMang/heap_4.o
 .debug_rnglists
                0x00000411       0x36 ./Common/ThirdParty/SEGGER/OS/SEGGER_SYSVIEW_FreeRTOS.o
 .debug_rnglists
                0x00000447       0x4b ./Common/ThirdParty/SEGGER/Rec/segger_uart.o
 .debug_rnglists
                0x00000492       0xf5 ./Common/ThirdParty/SEGGER/SEGGER/SEGGER_RTT.o
 .debug_rnglists
                0x00000587      0x202 ./Common/ThirdParty/SEGGER/SEGGER/SEGGER_SYSVIEW.o
 .debug_rnglists
                0x00000789       0x19 ./Common/ThirdParty/SEGGER/config/SEGGER_SYSVIEW_Config_FreeRTOS.o
 .debug_rnglists
                0x000007a2       0x40 ./Core/Src/main.o
 .debug_rnglists
                0x000007e2       0x13 ./Core/Src/stm32f4xx_hal_msp.o
 .debug_rnglists
                0x000007f5       0x20 ./Core/Src/stm32f4xx_hal_timebase_tim.o
 .debug_rnglists
                0x00000815       0x37 ./Core/Src/stm32f4xx_it.o
 .debug_rnglists
                0x0000084c       0x1a ./Core/Src/system_stm32f4xx.o
 .debug_rnglists
                0x00000866       0x19 ./Core/Startup/startup_stm32f407vgtx.o
 .debug_rnglists
                0x0000087f       0xaf ./Drivers/STM32F4xx_HAL_Driver/Src/stm32f4xx_hal.o
 .debug_rnglists
                0x0000092e       0xe0 ./Drivers/STM32F4xx_HAL_Driver/Src/stm32f4xx_hal_cortex.o
 .debug_rnglists
                0x00000a0e       0x3f ./Drivers/STM32F4xx_HAL_Driver/Src/stm32f4xx_hal_gpio.o
 .debug_rnglists
                0x00000a4d       0x66 ./Drivers/STM32F4xx_HAL_Driver/Src/stm32f4xx_hal_rcc.o
 .debug_rnglists
                0x00000ab3      0x31a ./Drivers/STM32F4xx_HAL_Driver/Src/stm32f4xx_hal_tim.o
 .debug_rnglists
                0x00000dcd      0x125 ./Drivers/STM32F4xx_HAL_Driver/Src/stm32f4xx_hal_tim_ex.o

.debug_macro    0x00000000    0x21373
 .debug_macro   0x00000000      0x1f8 ./Common/ThirdParty/FreeRTOS/list.o
 .debug_macro   0x000001f8      0x28f ./Common/ThirdParty/FreeRTOS/queue.o
 .debug_macro   0x00000487       0x16 ./Common/ThirdParty/FreeRTOS/queue.o
 .debug_macro   0x0000049d       0x3c ./Common/ThirdParty/FreeRTOS/queue.o
 .debug_macro   0x000004d9       0x20 ./Common/ThirdParty/FreeRTOS/queue.o
 .debug_macro   0x000004f9       0x80 ./Common/ThirdParty/FreeRTOS/queue.o
 .debug_macro   0x00000579      0x2e5 ./Common/ThirdParty/FreeRTOS/tasks.o
 .debug_macro   0x0000085e       0x17 ./Common/ThirdParty/FreeRTOS/tasks.o
 .debug_macro   0x00000875      0x247 ./Common/ThirdParty/FreeRTOS/timers.o
 .debug_macro   0x00000abc       0x97 ./Common/ThirdParty/FreeRTOS/timers.o
 .debug_macro   0x00000b53      0x207 ./Common/ThirdParty/FreeRTOS/portable/GCC/ARM_CM4F/port.o
 .debug_macro   0x00000d5a      0x279 ./Common/ThirdParty/FreeRTOS/portable/MemMang/heap_4.o
 .debug_macro   0x00000fd3      0x207 ./Common/ThirdParty/SEGGER/OS/SEGGER_SYSVIEW_FreeRTOS.o
 .debug_macro   0x000011da      0x41c ./Common/ThirdParty/SEGGER/Rec/segger_uart.o
 .debug_macro   0x000015f6       0x3a ./Common/ThirdParty/SEGGER/Rec/segger_uart.o
 .debug_macro   0x00001630      0x138 ./Common/ThirdParty/SEGGER/Rec/segger_uart.o
 .debug_macro   0x00001768       0x2e ./Common/ThirdParty/SEGGER/Rec/segger_uart.o
 .debug_macro   0x00001796       0x2f ./Common/ThirdParty/SEGGER/Rec/segger_uart.o
 .debug_macro   0x000017c5       0x1c ./Common/ThirdParty/SEGGER/Rec/segger_uart.o
 .debug_macro   0x000017e1       0x22 ./Common/ThirdParty/SEGGER/Rec/segger_uart.o
 .debug_macro   0x00001803       0xfb ./Common/ThirdParty/SEGGER/Rec/segger_uart.o
 .debug_macro   0x000018fe     0x1011 ./Common/ThirdParty/SEGGER/Rec/segger_uart.o
 .debug_macro   0x0000290f      0x11f ./Common/ThirdParty/SEGGER/Rec/segger_uart.o
 .debug_macro   0x00002a2e    0x15e97 ./Common/ThirdParty/SEGGER/Rec/segger_uart.o
 .debug_macro   0x000188c5       0x6d ./Common/ThirdParty/SEGGER/Rec/segger_uart.o
 .debug_macro   0x00018932      0x295 ./Common/ThirdParty/SEGGER/Rec/segger_uart.o
 .debug_macro   0x00018bc7     0x369a ./Common/ThirdParty/SEGGER/Rec/segger_uart.o
 .debug_macro   0x0001c261       0x56 ./Common/ThirdParty/SEGGER/Rec/segger_uart.o
 .debug_macro   0x0001c2b7      0x980 ./Common/ThirdParty/SEGGER/Rec/segger_uart.o
 .debug_macro   0x0001cc37      0x9e9 ./Common/ThirdParty/SEGGER/Rec/segger_uart.o
 .debug_macro   0x0001d620      0x115 ./Common/ThirdParty/SEGGER/Rec/segger_uart.o
 .debug_macro   0x0001d735      0x13e ./Common/ThirdParty/SEGGER/Rec/segger_uart.o
 .debug_macro   0x0001d873       0xa5 ./Common/ThirdParty/SEGGER/Rec/segger_uart.o
 .debug_macro   0x0001d918      0x174 ./Common/ThirdParty/SEGGER/Rec/segger_uart.o
 .debug_macro   0x0001da8c      0x287 ./Common/ThirdParty/SEGGER/Rec/segger_uart.o
 .debug_macro   0x0001dd13       0x5f ./Common/ThirdParty/SEGGER/Rec/segger_uart.o
 .debug_macro   0x0001dd72      0x236 ./Common/ThirdParty/SEGGER/Rec/segger_uart.o
 .debug_macro   0x0001dfa8      0x12c ./Common/ThirdParty/SEGGER/Rec/segger_uart.o
 .debug_macro   0x0001e0d4      0x21e ./Common/ThirdParty/SEGGER/Rec/segger_uart.o
 .debug_macro   0x0001e2f2       0x2e ./Common/ThirdParty/SEGGER/Rec/segger_uart.o
 .debug_macro   0x0001e320      0x127 ./Common/ThirdParty/SEGGER/Rec/segger_uart.o
 .debug_macro   0x0001e447       0x7e ./Common/ThirdParty/SEGGER/Rec/segger_uart.o
 .debug_macro   0x0001e4c5       0x89 ./Common/ThirdParty/SEGGER/Rec/segger_uart.o
 .debug_macro   0x0001e54e      0x8ed ./Common/ThirdParty/SEGGER/Rec/segger_uart.o
 .debug_macro   0x0001ee3b       0x4d ./Common/ThirdParty/SEGGER/Rec/segger_uart.o
 .debug_macro   0x0001ee88      0x12d ./Common/ThirdParty/SEGGER/Rec/segger_uart.o
 .debug_macro   0x0001efb5      0x1bd ./Common/ThirdParty/SEGGER/SEGGER/SEGGER_RTT.o
 .debug_macro   0x0001f172       0x34 ./Common/ThirdParty/SEGGER/SEGGER/SEGGER_RTT.o
 .debug_macro   0x0001f1a6      0x212 ./Common/ThirdParty/SEGGER/SEGGER/SEGGER_SYSVIEW.o
 .debug_macro   0x0001f3b8      0x204 ./Common/ThirdParty/SEGGER/SEGGER/SEGGER_SYSVIEW.o
 .debug_macro   0x0001f5bc      0x16e ./Common/ThirdParty/SEGGER/SEGGER/SEGGER_SYSVIEW.o
 .debug_macro   0x0001f72a      0x13b ./Common/ThirdParty/SEGGER/config/SEGGER_SYSVIEW_Config_FreeRTOS.o
 .debug_macro   0x0001f865      0x36f ./Core/Src/main.o
 .debug_macro   0x0001fbd4       0x5c ./Core/Src/main.o
 .debug_macro   0x0001fc30      0x1a5 ./Core/Src/main.o
 .debug_macro   0x0001fdd5      0x106 ./Core/Src/main.o
 .debug_macro   0x0001fedb       0x16 ./Core/Src/main.o
 .debug_macro   0x0001fef1       0x16 ./Core/Src/main.o
 .debug_macro   0x0001ff07       0x16 ./Core/Src/main.o
 .debug_macro   0x0001ff1d      0x146 ./Core/Src/main.o
 .debug_macro   0x00020063      0x288 ./Core/Src/stm32f4xx_hal_msp.o
 .debug_macro   0x000202eb      0x1c4 ./Core/Src/stm32f4xx_hal_timebase_tim.o
 .debug_macro   0x000204af      0x1dd ./Core/Src/stm32f4xx_it.o
 .debug_macro   0x0002068c      0x1c4 ./Core/Src/system_stm32f4xx.o
 .debug_macro   0x00020850      0x224 ./Drivers/STM32F4xx_HAL_Driver/Src/stm32f4xx_hal.o
 .debug_macro   0x00020a74      0x1c4 ./Drivers/STM32F4xx_HAL_Driver/Src/stm32f4xx_hal_cortex.o
 .debug_macro   0x00020c38      0x1ca ./Drivers/STM32F4xx_HAL_Driver/Src/stm32f4xx_hal_gpio.o
 .debug_macro   0x00020e02      0x1e8 ./Drivers/STM32F4xx_HAL_Driver/Src/stm32f4xx_hal_rcc.o
 .debug_macro   0x00020fea      0x1c5 ./Drivers/STM32F4xx_HAL_Driver/Src/stm32f4xx_hal_tim.o
 .debug_macro   0x000211af      0x1c4 ./Drivers/STM32F4xx_HAL_Driver/Src/stm32f4xx_hal_tim_ex.o

.debug_line     0x00000000    0x153dd
 .debug_line    0x00000000      0x8f3 ./Common/ThirdParty/FreeRTOS/list.o
 .debug_line    0x000008f3     0x18a8 ./Common/ThirdParty/FreeRTOS/queue.o
 .debug_line    0x0000219b     0x1f09 ./Common/ThirdParty/FreeRTOS/tasks.o
 .debug_line    0x000040a4      0xe0a ./Common/ThirdParty/FreeRTOS/timers.o
 .debug_line    0x00004eae      0x9e9 ./Common/ThirdParty/FreeRTOS/portable/GCC/ARM_CM4F/port.o
 .debug_line    0x00005897      0xb62 ./Common/ThirdParty/FreeRTOS/portable/MemMang/heap_4.o
 .debug_line    0x000063f9      0x95b ./Common/ThirdParty/SEGGER/OS/SEGGER_SYSVIEW_FreeRTOS.o