../Core/Src/main.c:80:5:main	2
../Core/Src/main.c:131:6:SystemClock_Config	3
../Core/Src/main.c:178:13:MX_GPIO_Init	1
../Core/Src/main.c:320:13:ConfigI2CSDAGPIOOutput	1
../Core/Src/main.c:333:13:ConfigI2CSDAGPIOInput	1
../Core/Src/main.c:345:13:SetI2CSDAGPIO	1
../Core/Src/main.c:349:13:ClearI2CSDAGPIO	1
../Core/Src/main.c:353:13:SetI2CSCLGPIO	1
../Core/Src/main.c:357:13:ClearI2CSCLGPIO	1
../Core/Src/main.c:361:16:ReadI2C1B	4
../Core/Src/main.c:406:16:WriteI2C	3
../Core/Src/main.c:448:13:I2CDelay	2
../Core/Src/main.c:453:13:vStartI2C	1
../Core/Src/main.c:465:13:vStopI2C	1
../Core/Src/main.c:482:6:WriteBytesOnI2C	4
../Core/Src/main.c:523:13:I2CTask_handler	5
../Core/Src/main.c:632:6:HAL_TIM_PeriodElapsedCallback	2
../Core/Src/main.c:650:6:Error_Handler	1
